Archive member included to satisfy reference by file (symbol)

../../Compiler/COMMON/SGL_302j/LIB_ELF/SEGA_SYS.A(sys_exit.o)
                              ../../jo_engine/core.o (SYS_Exit)
../../Compiler/COMMON/SGL_302j/LIB_ELF/SEGA_SYS.A(sys_sub.o)
                              ../../Compiler/COMMON/SGL_302j/LIB_ELF/SEGA_SYS.A(sys_exit.o) (SYSUB_SetStackptr)
../../Compiler/COMMON/SGL_302j/LIB_ELF/LIBCD.A(CDC_CMN.O)
                              ../../Compiler/COMMON/SGL_302j/LIB_ELF/SEGA_SYS.A(sys_exit.o) (CDC_GetCurStat)
../../Compiler/COMMON/SGL_302j/LIB_ELF/LIBCD.A(CDC_DRV.O)
                              ../../jo_engine/audio.o (CDC_CdPlay)
../../Compiler/COMMON/SGL_302j/LIB_ELF/LIBCD.A(CDC_CFS.O)
                              ../../Compiler/COMMON/SGL_302j/LIB_ELF/SEGA_SYS.A(sys_exit.o) (CDC_ChgDir)
../../Compiler/COMMON/SGL_302j/LIB_ELF/LIBCD.A(CDC_REG.O)
                              ../../Compiler/COMMON/SGL_302j/LIB_ELF/SEGA_SYS.A(sys_exit.o) (CDC_GetHirqReq)
../../Compiler/COMMON/SGL_302j/LIB_ELF/LIBCD.A(CDC_SUB.O)
                              ../../Compiler/COMMON/SGL_302j/LIB_ELF/LIBCD.A(CDC_CMN.O) (CDSUB_UpdStatus)
../../Compiler/COMMON/SGL_302j/LIB_ELF/LIBCD.A(GFS.O)
                              ../../jo_engine/fs.o (GFS_Init)
../../Compiler/COMMON/SGL_302j/LIB_ELF/LIBCD.A(GFS_BUF.O)
                              ../../Compiler/COMMON/SGL_302j/LIB_ELF/LIBCD.A(GFS.O) (GFBF_GetNumData)
../../Compiler/COMMON/SGL_302j/LIB_ELF/LIBCD.A(GFS_CDB.O)
                              ../../Compiler/COMMON/SGL_302j/LIB_ELF/LIBCD.A(GFS.O) (GFCB_Close)
../../Compiler/COMMON/SGL_302j/LIB_ELF/LIBCD.A(GFS_CDC.O)
                              ../../Compiler/COMMON/SGL_302j/LIB_ELF/LIBCD.A(GFS.O) (GFCD_SetCdbfs)
../../Compiler/COMMON/SGL_302j/LIB_ELF/LIBCD.A(GFS_CDF.O)
                              ../../Compiler/COMMON/SGL_302j/LIB_ELF/LIBCD.A(GFS.O) (GFCF_Init)
../../Compiler/COMMON/SGL_302j/LIB_ELF/LIBCD.A(GFS_DIR.O)
                              ../../Compiler/COMMON/SGL_302j/LIB_ELF/LIBCD.A(GFS.O) (GFDR_SetupDirTbl)
../../Compiler/COMMON/SGL_302j/LIB_ELF/LIBCD.A(GFS_TRN.O)
                              ../../Compiler/COMMON/SGL_302j/LIB_ELF/LIBCD.A(GFS.O) (GFTR_Setup)
../../Compiler/COMMON/SGL_302j/LIB_ELF/LIBCD.A(CDC_DEV.O)
                              ../../Compiler/COMMON/SGL_302j/LIB_ELF/LIBCD.A(GFS_CDC.O) (CDC_CdSetCon)
../../Compiler/COMMON/SGL_302j/LIB_ELF/LIBCD.A(CDC_SEL.O)
                              ../../Compiler/COMMON/SGL_302j/LIB_ELF/LIBCD.A(GFS_CDC.O) (CDC_SetFiltRange)
../../Compiler/COMMON/SGL_302j/LIB_ELF/LIBCD.A(CDC_BIF.O)
                              ../../Compiler/COMMON/SGL_302j/LIB_ELF/LIBCD.A(GFS_CDC.O) (CDC_GetBufSiz)
../../Compiler/COMMON/SGL_302j/LIB_ELF/LIBCD.A(CDC_BIO.O)
                              ../../Compiler/COMMON/SGL_302j/LIB_ELF/LIBCD.A(GFS_CDC.O) (CDC_SetSctLen)
../../Compiler/COMMON/SGL_302j/LIB_ELF/LIBSGL.A(sglA15.o)
                              ../../jo_engine/slave.o (slSlaveFunc)
../../Compiler/COMMON/SGL_302j/LIB_ELF/LIBSGL.A(sglB001.o)
                              ../../jo_engine/core.o (slTVOn)
../../Compiler/COMMON/SGL_302j/LIB_ELF/LIBSGL.A(sglB011.o)
                              ../../jo_engine/vdp2.o (slBitMapNbg1)
../../Compiler/COMMON/SGL_302j/LIB_ELF/LIBSGL.A(sglB014.o)
                              ../../jo_engine/vdp2.o (slScrTransparent)
../../Compiler/COMMON/SGL_302j/LIB_ELF/LIBSGL.A(sglB015.o)
                              ../../jo_engine/vdp2.o (slScrAutoDisp)
../../Compiler/COMMON/SGL_302j/LIB_ELF/LIBSGL.A(sglB016.o)
                              ../../jo_engine/vdp2.o (slBack1ColSet)
../../Compiler/COMMON/SGL_302j/LIB_ELF/LIBSGL.A(sglB020.o)
                              ../../jo_engine/vdp2.o (slColorCalc)
../../Compiler/COMMON/SGL_302j/LIB_ELF/LIBSGL.A(sglB021.o)
                              ../../jo_engine/vdp2.o (slColorCalcOn)
../../Compiler/COMMON/SGL_302j/LIB_ELF/LIBSGL.A(sglB023.o)
                              ../../jo_engine/vdp2.o (slColRate)
../../Compiler/COMMON/SGL_302j/LIB_ELF/LIBSGL.A(sglB032.o)
                              ../../jo_engine/vdp2.o (slMapNbg1)
../../Compiler/COMMON/SGL_302j/LIB_ELF/LIBSGL.A(sglB035.o)
                              ../../jo_engine/vdp2.o (sl1MapRA)
../../Compiler/COMMON/SGL_302j/LIB_ELF/LIBSGL.A(sglB036.o)
                              ../../jo_engine/vdp2.o (sl1MapRB)
../../Compiler/COMMON/SGL_302j/LIB_ELF/LIBSGL.A(sglB038.o)
                              ../../jo_engine/vdp2.o (slRparaInitSet)
../../Compiler/COMMON/SGL_302j/LIB_ELF/LIBSGL.A(sglB039.o)
                              ../../jo_engine/vdp2.o (slMakeKtable)
../../Compiler/COMMON/SGL_302j/LIB_ELF/LIBSGL.A(sglB040.o)
                              ../../jo_engine/vdp2.o (slKtableRA)
../../Compiler/COMMON/SGL_302j/LIB_ELF/LIBSGL.A(sglB041.o)
                              ../../jo_engine/vdp2.o (slKtableRB)
[...]
Memory Configuration

Name             Origin             Length             Attributes
*default*        0x00000000         0xffffffff

Linker script and memory map

TARGET(elf32-sh)

SLSTART         0x06004000       0x30
                0x06004000                ___Start = .
 *(SLSTART)
 SLSTART        0x06004000       0x28 ../../Compiler/COMMON/SGL_302j/LIB_ELF/LIBSGL.A(sglI00.o)
                0x06004000                SGL_Start
                0x06004002                slStartSGL

.text           0x06004040    0x10f40
 *(.text)
 .text          0x06004040        0x0 ../../Compiler/COMMON/SGL_302j/LIB_ELF/SGLAREA.O
 .text          0x06004040      0xa90 main.o
                0x060040a8                next_level
                0x06004190                my_draw
                0x060046d8                restart_game
                0x06004750                my_gamepad
                0x06004948                init_game
                0x06004a78                jo_main
 .text          0x06004ad0      0x854 ../../jo_engine/tga.o
                0x06004d00                jo_set_tga_palette_handling
                0x06004d0c                __jo_tga_load
                0x06004e2c                __jo_tga_any_loader_from_stream
                0x06004e74                jo_tga_8bits_loader_from_stream
                0x06004e8c                jo_tga_loader_from_stream
                0x06004ea4                __jo_tga_any_loader
                0x06004ef4                jo_tga_8bits_loader
                0x06004f10                jo_tga_loader
                0x06004f2c                jo_sprite_add_tga_tileset
                0x0600517c                jo_sprite_add_tga_from_stream
                0x06005234                jo_sprite_add_tga
 .text          0x06005324      0x468 ../../jo_engine/audio.o
                0x06005394                jo_audio_play_cd_track
                0x060053d4                jo_audio_set_volume
                0x060053e0                jo_audio_stop_cd
                0x060053fc                jo_audio_init
                0x0600544c                jo_audio_play_sound_on_channel
                0x06005508                jo_audio_play_sound
                0x060055a0                jo_audio_usage_percent
                0x06005604                jo_audio_free_pcm
                0x0600563c                jo_audio_stop_sound
                0x060056d0                jo_audio_load_pcm_async
                0x06005718                jo_audio_load_pcm
 .text          0x0600578c      0x94c ../../jo_engine/fs.o
                0x060057f4                jo_fs_init
                0x060058a4                jo_fs_do_background_jobs
                0x06005960                jo_fs_read_file_async_ptr
                0x06005b04                jo_fs_cd
                0x06005b74                jo_fs_read_file_ptr
                0x06005d10                jo_fs_read_file_in_dir
                0x06005d5c                jo_fs_open
                0x06005e58                jo_fs_seek_forward
                0x06005f68                jo_fs_read_next_bytes
                0x0600604c                jo_fs_close
                0x06006098                jo_fs_set_read_sector_count
 .text          0x060060d8      0x55c ../../jo_engine/storyboard.o
                0x06006140                jo_init_storyboards
                0x060061a4                jo_storyboard_create
                0x060061f8                jo_storyboard_destroy
                0x0600628c                jo_execute_storyboards
                0x060065e4                jo_storyboard_create_animation
 .text          0x06006634      0x158 ../../jo_engine/slave.o
                0x060066b4                jo_core_add_slave_callback
                0x06006704                jo_core_remove_slave_callback
                0x06006744                jo_core_slave_init
                0x06006754                jo_core_wait_for_slave
                0x06006778                jo_core_exec_on_slave
 .text          0x0600678c      0x568 ../../jo_engine/font.o
                0x060067f4                jo_font_load
                0x06006a84                jo_font_print
                0x06006ba4                jo_font_print_centered
 .text          0x06006cf4      0x118 ../../jo_engine/input.o
                0x06006d5c                jo_get_inputs_vblank
                0x06006da4                jo_get_input_type
                0x06006de8                jo_get_input_count
 .text          0x06006e0c        0x0 ../../jo_engine/physics.o
 .text          0x06006e0c      0x9e0 ../../jo_engine/core.o
                0x06006ebc                __jo_core_set_screens_order
                0x06006ff4                jo_goto_boot_menu
                0x06007000                jo_core_suspend
                0x060070e0                __jo_core_error
                0x06007200                jo_core_add_vblank_callback
                0x06007284                jo_core_init
                0x06007560                jo_core_remove_vblank_callback
                0x060075c0                jo_core_add_callback
                0x06007610                jo_core_remove_callback
                0x06007650                jo_core_set_restart_game_callback
                0x0600765c                jo_core_run
                0x06007734                jo_dump_vdp1_registers
                0x06007790                jo_dump_vdp2_registers
 .text          0x060077ec      0x5a4 ../../jo_engine/math.o
                0x06007852                jo_fixed_mult
                0x0600785e                jo_fixed_dot
                0x06007870                jo_fixed_div
                0x06007890                jo_fixed_sin
                0x0600797c                jo_sqrt
                0x060079bc                jo_gcd
                0x06007a18                jo_atan2f_rad
                0x06007bf0                jo_planar_rotate
                0x06007d20                jo_random
 .text          0x06007d90      0x410 ../../jo_engine/malloc.o
                0x06007df8                jo_add_memory_zone
                0x06007e38                jo_malloc_with_behaviour
                0x06007f84                jo_free
                0x06008000                jo_memory_usage_percent
                0x06008104                jo_memory_fragmentation
 .text          0x060081a0      0x4a8 ../../jo_engine/tools.o
                0x06008208                jo_print
                0x06008258                jo_clear_screen_line
                0x060082a0                jo_clear_screen
                0x060082c4                jo_getdate
                0x06008360                jo_get_current_language
                0x06008384                jo_tools_atoi
                0x06008404                jo_strlen
                0x06008454                jo_endwith
                0x06008500                jo_strcmp
                0x06008530                jo_memset
                0x060085d4                jo_map_to_vram
 .text          0x06008648      0x134 ../../jo_engine/palette.o
                0x060086b0                jo_create_palette
                0x06008704                jo_set_palette_register
                0x06008768                jo_get_palette_register
 .text          0x0600877c      0x870 ../../jo_engine/sprites.o
                0x06008920                jo_sprite_usage_percent
                0x060089ac                jo_get_last_sprite_id
                0x060089b8                jo_sprite_init
                0x06008a3c                jo_sprite_name2id
                0x06008ab4                jo_sprite_replace
                0x06008bbc                jo_sprite_add
                0x06008c08                jo_sprite_add_8bits_image
                0x06008c54                jo_sprite_free_from
                0x06008ccc                jo_set_gouraud_shading_colors
                0x06008cf4                jo_set_gouraud_shading_brightness
                0x06008d34                jo_sprite_draw
                0x06008e58                jo_sprite_draw_rotate
                0x06008fb8                jo_sprite_set_clipping_area
 .text          0x06008fec      0x99c ../../jo_engine/map.o
                0x0600911c                jo_map_per_pixel_vertical_collision
                0x06009250                jo_map_hitbox_detection_custom_boundaries
                0x060092c0                jo_map_create
                0x0600933c                jo_map_add_tile
                0x06009360                jo_map_add_animated_tile
                0x06009384                jo_map_draw_background
                0x0600941c                jo_map_draw
                0x06009518                jo_map_free
                0x06009530                jo_map_load_from_file
                0x06009908                jo_map_move_tiles_by_attribute
 .text          0x06009988      0x200 ../../jo_engine/list.o
                0x060099f0                jo_list_init
                0x06009a00                jo_list_add
                0x06009a78                jo_list_insert_at
                0x06009b28                jo_list_remove
 .text          0x06009b88      0x2bc ../../jo_engine/sprite_animator.o
                0x06009c9c                jo_replace_sprite_anim
                0x06009d50                jo_create_sprite_anim
                0x06009e1c                jo_clear_all_sprite_anim
 .text          0x06009e44      0x7b0 ../../jo_engine/image.o
                0x06009eac                __jo_bin_load
                0x06009efc                jo_free_img
                0x06009f44                jo_bin_loader_from_stream
                0x0600a014                jo_bin_loader
                0x0600a098                jo_replace_color
                0x0600a104                jo_sprite_add_bin_tileset
                0x0600a2fc                jo_sprite_add_bin
                0x0600a3c8                jo_sprite_add_bin_from_stream
                0x0600a460                jo_sprite_add_image_pack
 .text          0x0600a5f4      0xbac ../../jo_engine/vdp2.o
                0x0600a6d8                jo_set_default_background_color
                0x0600a718                jo_img_to_vdp2_cells
                0x0600a83c                jo_vdp2_set_rbg0_plane_a_8bits_image
                0x0600a92c                jo_vdp2_set_rbg0_plane_b_8bits_image
                0x0600aa18                jo_vdp2_enable_rbg0
                0x0600aac0                jo_vdp2_disable_rbg0
                0x0600aad8                jo_init_nbg0_printf
                0x0600ab5c                __jo_init_vdp2
                0x0600abc0                jo_vdp2_disable_nbg0_line_scroll
                0x0600abe4                jo_vdp2_compute_nbg0_line_scroll
                0x0600abfc                jo_vdp2_enable_nbg0_line_scroll
                0x0600ac6c                jo_vdp2_draw_bitmap_nbg1_line
                0x0600ad2c                jo_vdp2_clear_bitmap_nbg1
                0x0600ad84                jo_vdp2_set_nbg1_8bits_image
                0x0600ae60                jo_vdp2_set_nbg1_image
                0x0600af8c                jo_vdp2_disable_nbg1_line_scroll
                0x0600afb0                jo_vdp2_compute_nbg1_line_scroll
                0x0600afc8                jo_vdp2_enable_nbg1_line_scroll
                0x0600b038                jo_set_displayed_screens
                0x0600b048                jo_disable_all_screens_transparency
                0x0600b06c                jo_enable_screen_transparency
 .text          0x0600b1a0      0x280 ../../jo_engine/time.o
                0x0600b208                jo_time_init
                0x0600b234                jo_get_ticks
                0x0600b314                jo_fixed_point_time
 .text          0x0600b420       0x68 ../../jo_engine/vdp1_command_pipeline.o
 .text          0x0600b488      0x334 ../../jo_engine/vdp2_malloc.o
                0x0600b4f0                jo_vdp2_malloc_init
                0x0600b528                jo_vdp2_free
                0x0600b5e8                jo_vdp2_malloc
 *fill*         0x0600b7bc        0x4 
 .text          0x0600b7c0      0x238 ../../Compiler/COMMON/SGL_302j/LIB_ELF/SEGA_SYS.A(sys_exit.o)
                0x0600b7c0                sys_version
                0x0600b7e0                SYS_Exit
 *fill*         0x0600b9f8        0x8 
 .text          0x0600ba00        0x6 ../../Compiler/COMMON/SGL_302j/LIB_ELF/SEGA_SYS.A(sys_sub.o)
                0x0600ba00                SYSUB_SetStackptr
 *fill*         0x0600ba06        0xa 
 .text          0x0600ba10      0x3a0 ../../Compiler/COMMON/SGL_302j/LIB_ELF/LIBCD.A(CDC_CMN.O)
                0x0600ba10                CDC_GetCurStat
                0x0600ba60                CDC_GetLastStat
                0x0600ba78                CDC_GetPeriStat
                0x0600bb4c                CDC_GetHwInfo
                0x0600bbb4                CDC_TgetToc
                0x0600bc04                CDC_GetSes
                0x0600bc40                CDC_CdInit
                0x0600bcc4                CDC_CdOpen
                0x0600bcec                CDC_DataReady
                0x0600bd58                CDC_DataEnd
 .text          0x0600bdb0      0x130 ../../Compiler/COMMON/SGL_302j/LIB_ELF/LIBCD.A(CDC_DRV.O)
                0x0600bdb0                CDC_CdPlay
                0x0600be7c                CDC_CdSeek
                0x0600beb0                CDC_CdScan
 .text          0x0600bee0      0x194 ../../Compiler/COMMON/SGL_302j/LIB_ELF/LIBCD.A(CDC_CFS.O)
                0x0600bee0                CDC_ChgDir
                0x0600bf14                CDC_ReadDir
                0x0600bf48                CDC_GetFileScope
                0x0600bfa8                CDC_TgetFileInfo
                0x0600c004                CDC_ReadFile
                0x0600c038                CDC_AbortFile
 *fill*         0x0600c074        0xc 
 .text          0x0600c080      0x2dc ../../Compiler/COMMON/SGL_302j/LIB_ELF/LIBCD.A(CDC_REG.O)
                0x0600c080                CDC_GetDataPtr
                0x0600c090                CDC_GetHirqReq
                0x0600c0a4                CDC_ClrHirqReq
                0x0600c0d4                CDREG_ClrHirqReq
                0x0600c0e4                CDREG_InitHirqReq
                0x0600c10c                CDREG_SetHirqFlag
                0x0600c120                CDC_GetHirqMsk
                0x0600c134                CDC_SetHirqMsk
                0x0600c144                CDC_GetMpegPtr
                0x0600c154                CDREG_TgetData
                0x0600c1b0                CDREG_CmdRsp
                0x0600c2b0                CDREG_WaitHirq
                0x0600c320                CDREG_ReadRsp
 *fill*         0x0600c35c        0x4 
 .text          0x0600c360      0x152 ../../Compiler/COMMON/SGL_302j/LIB_ELF/LIBCD.A(CDC_SUB.O)
                0x0600c360                CDSUB_UpdStatus
                0x0600c378                CDSUB_UpdCdstat
                0x0600c398                CDSUB_CdCmd
                0x0600c408                CDSUB_GetCdstat
                0x0600c448                CDSUB_RspToCdstat
                0x0600c490                CDSUB_SoftTimer
 *fill*         0x0600c4b2        0xe 
 .text          0x0600c4c0     0x1adc ../../Compiler/COMMON/SGL_302j/LIB_ELF/LIBCD.A(GFS.O)
                0x0600c4c0                gfs_version
                0x0600c4e0                GFS_Init
                0x0600c5c8                GFS_LoadDir
                0x0600c670                GFS_SetDir
                0x0600c6d8                GFS_NameToId
                0x0600c73c                GFS_IdToName
                0x0600c7a8                GFS_GetDirInfo
                0x0600c818                GFS_Reset
                0x0600c89c                GFS_Open
                0x0600c950                GFS_Close
                0x0600c988                GFS_Seek
                0x0600ca3c                GFS_Tell
                0x0600ca8c                GFS_IsEof
                0x0600cae0                GFS_ByteToSct
                0x0600cb3c                GFS_GetFileSize
                0x0600cb98                GFS_GetFileInfo
                0x0600cc0c                GFS_GetNumCdbuf
                0x0600cc34                GFS_Load
                0x0600ccf8                GFS_Fread
                0x0600cd94                gfs_waitRead
                0x0600ce3c                GFS_NwFread
                0x0600cf48                GFS_NwCdRead
                0x0600cfc0                GFS_NwIsComplete
                0x0600cff8                GFS_NwStop
                0x0600d064                GFS_NwGetStat
                0x0600d0e0                gfs_recovRdErr
                0x0600d110                GFS_NwExecOne
                0x0600d1d0                GFS_NwExecServer
                0x0600d24c                GFS_SetGmode
                0x0600d2b0                GFS_SetTmode
                0x0600d31c                GFS_SetReadPara
                0x0600d380                GFS_SetTransPara
                0x0600d3ec                GFS_SetTrFunc
                0x0600d450                GFS_StartTrans
                0x0600d49c                GFS_CdMovePickup
                0x0600d508                GFS_SetErrFunc
                0x0600d534                GFS_GetErrStat
                0x0600d558                GFS_ConvTno
                0x0600d580                gfs_chgRoot
                0x0600d64c                gfs_aborttrans
                0x0600d658                gfs_mngSetupFuncTbl
                0x0600d68c                gfs_mngInitWork
                0x0600d730                gfs_mngGetNumFile
                0x0600d798                GFS_mngAllocGrp
                0x0600d7e0                gfs_mngFreeGrp
                0x0600d7ec                gfs_mngTermAccess
                0x0600d870                gfs_mngSetErrCode
                0x0600d8f0                gfs_svrSearchHndl
                0x0600d930                gfs_svrAddHndl
                0x0600d96c                gfs_svrRemoveHndl
                0x0600d9c8                GFS_OpenSub
                0x0600da20                gfs_loadVol
                0x0600dae4                gfs_getRootDir
                0x0600dbe0                gfs_loadRootDir
                0x0600dc68                gfs_flowIn
                0x0600dd10                gfs_transData
                0x0600ddb4                GFS_GetFad
                0x0600de0c                gfs_SetSct
                0x0600de4c                gfs_GetFinfo
                0x0600de8c                gfs_closeSub
                0x0600dec8                gfs_getGmode
                0x0600ded4                gfs_isTaskDone
                0x0600df28                gfs_convFinStat
 *fill*         0x0600df9c        0x4 
 .text          0x0600dfa0      0x106 ../../Compiler/COMMON/SGL_302j/LIB_ELF/LIBCD.A(GFS_BUF.O)
                0x0600dfd0                GFBF_GetTranData
                0x0600dff8                GFBF_GetNumData
                0x0600e028                GFBF_GetSrcPk
                0x0600e050                GFBF_GetSctData
                0x0600e074                GFBF_RtnPk
                0x0600e09c                gfbf_getSctDt
 *fill*         0x0600e0a6        0xa 
 .text          0x0600e0b0      0x600 ../../Compiler/COMMON/SGL_302j/LIB_ELF/LIBCD.A(GFS_CDB.O)
                0x0600e0b0                GFCB_Setup
                0x0600e1d0                GFCB_Close
                0x0600e1f8                GFCB_GetLenData
                0x0600e2a4                GFCB_GetLenRoom
                0x0600e2b0                GFCB_SetFilt
                0x0600e318                GFCB_DeleteAllData
                0x0600e340                GFCB_Tell
                0x0600e350                gfcb_getSctNum
                0x0600e3a0                GFCB_Seek
                0x0600e49c                GFCB_GetSrcPack
                0x0600e57c                GFCB_GetSctData
                0x0600e5b4                GFCB_GetDstPack
                0x0600e5c0                GFCB_RtnPk
                0x0600e608                GFCB_MovePickup
                0x0600e624                GFCB_SetCon
                0x0600e658                GFCB_GetPickup
                0x0600e680                GFCB_IsPuOwner
                0x0600e698                GFCB_UngetPickup
 .text          0x0600e6b0     0x1a10 ../../Compiler/COMMON/SGL_302j/LIB_ELF/LIBCD.A(GFS_CDC.O)
                0x0600e6b0                GFCD_SetCdbfs
                0x0600e6dc                GFCD_Init
                0x0600e8e0                GFCD_AllocFilt
                0x0600e91c                GFCD_FreeFilt
                0x0600e94c                GFCD_AllocBuf
                0x0600e980                GFCD_FreeBuf
                0x0600ea24                GFCD_GetBaseFad
                0x0600ea58                GFCD_GetPickup
                0x0600ea8c                GFCD_UngetPickup
                0x0600eab8                GFCD_IsPuOwner
                0x0600eadc                GFCD_SetFilt
                0x0600eba0                GFCD_GetFilt
                0x0600ebe8                GFCD_SetCon
                0x0600ec40                GFCD_Play
                0x0600eca0                GFCD_GetLenData
                0x0600ed08                GFCD_ReqData
                0x0600ed64                GFCD_EndData
                0x0600edac                GFCD_DelSctData
                0x0600ee04                GFCD_CheckDelSctData
                0x0600ee34                GFCD_GetStat
                0x0600eee8                GFCD_MovePickup
                0x0600ef34                GFCD_MoveSctData
                0x0600efa8                GFCD_CheckMove
                0x0600efcc                GFCD_GetSctInfo
                0x0600f014                GFCD_ChgDir
                0x0600f088                GFCD_SetFiltCon
                0x0600f170                GFCD_GetFileInfo
                0x0600f24c                GFCD_GetBufSiz
                0x0600f284                GFCD_ExecServer
                0x0600f358                gfcd_isIdleTask
                0x0600f3e4                gfcd_doTask
                0x0600f490                GFCD_SetTimer
                0x0600f4a4                GFCD_WaitServer
                0x0600f4e0                gfcd_doSetFiltTsk
                0x0600f6a4                gfcd_doSetConTsk
                0x0600f734                gfcd_doGetLenDataTsk
                0x0600f888                gfcd_doReqDataTsk
                0x0600f928                gfcd_doDelSctDataTsk
                0x0600fa5c                gfcd_doMoveSctTsk
                0x0600fbc0                gfcd_doChgDirTsk
                0x0600fdbc                gfcd_doSetFiltConTsk
                0x0600ff00                gfcd_checkEflag
                0x0600ff24                gfcd_initCdbMng
                0x0600ffa4                gfcd_setStat
                0x0600ffd0                GFCD_SetCsctFunc
                0x0600ffec                GFCD_ChkScdqFlag
                0x06010010                GFCD_ClrScdqFlag
                0x0601002c                GFCD_WaitScdqFlag
                0x06010070                GFCD_WaitPause
 .text          0x060100c0      0x8d8 ../../Compiler/COMMON/SGL_302j/LIB_ELF/LIBCD.A(GFS_CDF.O)
                0x060100c0                GFCF_Init
                0x06010160                GFCF_Setup
                0x060102a8                GFCF_SetSct
                0x060102ec                GFCF_GetFileInfo
                0x06010360                GFCF_FlowInBuf
                0x060104b4                GFCF_StopInBuf
                0x06010554                GFCF_Recover
                0x0601059c                GFCF_Tell
                0x060105b4                GFCF_Seek
                0x060105cc                GFCF_MovePickup
                0x06010668                GFCF_cnvIntlvOfs
                0x060106bc                GFCF_GetStat
                0x06010754                gfcf_getSctSize
                0x06010790                gfcf_isCdOk
                0x06010850                gfcf_getPlayRange
 *fill*         0x06010998        0x8 
 .text          0x060109a0      0x92c ../../Compiler/COMMON/SGL_302j/LIB_ELF/LIBCD.A(GFS_DIR.O)
                0x060109a0                GFDR_SetupDirTbl
                0x06010a14                GFDR_NameToId
                0x06010a74                GFDR_GetInfoDirId
                0x06010a88                GFDR_GetInfoDirName
                0x06010a9c                GFDR_GetAtrDirId
                0x06010ab4                GFDR_GetAtrDirName
                0x06010acc                GFDR_ChgRoot
                0x06010ae4                GFDR_ChgDir
                0x06010b58                gfdr_setupDirIdTbl
                0x06010bdc                gfdr_setupDirNameTbl
                0x06010c88                gfdr_open
                0x06010cb0                gfdr_read
                0x06010d70                gfdr_readByte
                0x06010d9c                gfdr_readWord
                0x06010dc8                gfdr_readWordNB
                0x06010e1c                gfdr_readLongNB
                0x06010e68                gfdr_readLongNM
                0x06010e90                gfdr_setNextRec
                0x06010f14                gfdr_readDirEnt
                0x06011290                gfdr_setDirrecCd
 *fill*         0x060112cc        0x4 
 .text          0x060112d0      0x9c6 ../../Compiler/COMMON/SGL_302j/LIB_ELF/LIBCD.A(GFS_TRN.O)
                0x06011300                GFTR_Setup
                0x06011344                GFTR_SetMode
                0x06011358                GFTR_SetUnit
                0x06011364                GFTR_SetTransPara
                0x06011398                GFTR_GetTransPara
                0x060113a4                GFTR_GetNumTrans
                0x060113b0                GFTR_SetTransMax
                0x060113bc                GFTR_Start
                0x060113c8                GFTR_Pause
                0x060113d4                GFTR_Stop
                0x0601148c                GFTR_Exec
                0x06011510                GFTR_Idle
                0x06011588                GFTR_ExecSvr
                0x06011690                gftr_getSrcPack
                0x06011718                gftr_getDstPack
                0x06011774                gftr_reqScu
                0x06011780                gftr_execScu
                0x0601181c                gftr_remScu
                0x06011850                gfdma_canUse
                0x0601185c                gfdma_exec
                0x060118cc                gfdma_getBytecnt
                0x06011904                gftr_reqDma0
                0x0601191c                gftr_execSdma0
                0x06011940                gftr_remDma0
                0x06011958                gftr_reqDma1
                0x06011970                gftr_execSdma1
                0x06011994                gftr_remDma1
                0x060119ac                gftr_reqCpu
                0x060119b8                gftr_execCpu
                0x060119f8                gftr_remCpu
                0x06011a04                gftr_reqTrn
                0x06011a74                gftr_execTrn
                0x06011b4c                gftr_remTrn
                0x06011bc0                gftr_copyFrac
                0x06011be8                GFTR_GetLenData
                0x06011bf4                GFTR_GetLenRoom
                0x06011c0c                GFTR_GetDstPack
                0x06011c40                GFTR_RtnDstPk
                0x06011c5c                GFTR_GetData
                0x06011c70                GFTR_SetData
                0x06011c84                GFTR_SetTransFunc
 *fill*         0x06011c96        0xa 
 .text          0x06011ca0       0xa8 ../../Compiler/COMMON/SGL_302j/LIB_ELF/LIBCD.A(CDC_DEV.O)
                0x06011ca0                CDC_CdSetCon
                0x06011cd0                CDC_CdGetCon
                0x06011d0c                CDC_CdGetLastBuf
 *fill*         0x06011d48        0x8 
 .text          0x06011d50      0x2b8 ../../Compiler/COMMON/SGL_302j/LIB_ELF/LIBCD.A(CDC_SEL.O)
                0x06011d50                CDC_SetFiltRange
                0x06011d84                CDC_GetFiltRange
                0x06011ddc                CDC_SetFiltSubh
                0x06011e4c                CDC_GetFiltSubh
                0x06011ec8                CDC_SetFiltMode
                0x06011efc                CDC_GetFiltMode
                0x06011f40                CDC_SetFiltCon
                0x06011f80                CDC_GetFiltCon
                0x06011fd4                CDC_ResetSelector
 *fill*         0x06012008        0x8 
 .text          0x06012010      0x270 ../../Compiler/COMMON/SGL_302j/LIB_ELF/LIBCD.A(CDC_BIF.O)
                0x06012010                CDC_GetBufSiz
                0x0601206c                CDC_GetSctNum
                0x060120b0                CDC_CalActSiz
                0x060120ec                CDC_GetActSiz
                0x0601216c                CDC_GetSctInfo
                0x060121ec                CDC_ExeFadSearch
                0x06012224                CDC_GetFadSearch
 .text          0x06012280      0x1e4 ../../Compiler/COMMON/SGL_302j/LIB_ELF/LIBCD.A(CDC_BIO.O)
                0x06012280                CDC_SetSctLen
                0x060122b4                CDC_GetSctData
                0x060122f0                CDC_DelSctData
                0x0601232c                CDC_GetdelSctData
                0x06012368                CDC_PutSctData
                0x060123a0                CDC_CopySctData
                0x060123e4                CDC_MoveSctData
                0x06012428                CDC_GetCopyErr
 *fill*         0x06012464        0xc 
 .text          0x06012470        0x0 ../../Compiler/COMMON/SGL_302j/LIB_ELF/LIBSGL.A(sglA15.o)
 .text          0x06012470        0x0 ../../Compiler/COMMON/SGL_302j/LIB_ELF/LIBSGL.A(sglB001.o)
 .text          0x06012470        0x0 ../../Compiler/COMMON/SGL_302j/LIB_ELF/LIBSGL.A(sglB011.o)
 .text          0x06012470        0x0 ../../Compiler/COMMON/SGL_302j/LIB_ELF/LIBSGL.A(sglB014.o)
 .text          0x06012470        0x0 ../../Compiler/COMMON/SGL_302j/LIB_ELF/LIBSGL.A(sglB015.o)
 .text          0x06012470        0x0 ../../Compiler/COMMON/SGL_302j/LIB_ELF/LIBSGL.A(sglB016.o)
 .text          0x06012470        0x0 ../../Compiler/COMMON/SGL_302j/LIB_ELF/LIBSGL.A(sglB020.o)
 .text          0x06012470        0x0 ../../Compiler/COMMON/SGL_302j/LIB_ELF/LIBSGL.A(sglB021.o)
 .text          0x06012470        0x0 ../../Compiler/COMMON/SGL_302j/LIB_ELF/LIBSGL.A(sglB023.o)
 .text          0x06012470        0x0 ../../Compiler/COMMON/SGL_302j/LIB_ELF/LIBSGL.A(sglB032.o)
 .text          0x06012470        0x0 ../../Compiler/COMMON/SGL_302j/LIB_ELF/LIBSGL.A(sglB035.o)
 .text          0x06012470        0x0 ../../Compiler/COMMON/SGL_302j/LIB_ELF/LIBSGL.A(sglB036.o)
 .text          0x06012470        0x0 ../../Compiler/COMMON/SGL_302j/LIB_ELF/LIBSGL.A(sglB038.o)
 .text          0x06012470        0x0 ../../Compiler/COMMON/SGL_302j/LIB_ELF/LIBSGL.A(sglB039.o)
 .text          0x06012470        0x0 ../../Compiler/COMMON/SGL_302j/LIB_ELF/LIBSGL.A(sglB040.o)
 .text          0x06012470        0x0 ../../Compiler/COMMON/SGL_302j/LIB_ELF/LIBSGL.A(sglB041.o)
 .text          0x06012470        0x0 ../../Compiler/COMMON/SGL_302j/LIB_ELF/LIBSGL.A(sglB043.o)
 .text          0x06012470        0x0 ../../Compiler/COMMON/SGL_302j/LIB_ELF/LIBSGL.A(sglB047.o)
 .text          0x06012470        0x0 ../../Compiler/COMMON/SGL_302j/LIB_ELF/LIBSGL.A(sglB048.o)
 .text          0x06012470        0x0 ../../Compiler/COMMON/SGL_302j/LIB_ELF/LIBSGL.A(sglB056.o)
 .text          0x06012470        0x0 ../../Compiler/COMMON/SGL_302j/LIB_ELF/LIBSGL.A(sglB059.o)
 .text          0x06012470        0x0 ../../Compiler/COMMON/SGL_302j/LIB_ELF/LIBSGL.A(sglB060.o)
 .text          0x06012470        0x0 ../../Compiler/COMMON/SGL_302j/LIB_ELF/LIBSGL.A(sglB063.o)
 .text          0x06012470        0x0 ../../Compiler/COMMON/SGL_302j/LIB_ELF/LIBSGL.A(sglB071.o)
 .text          0x06012470        0x0 ../../Compiler/COMMON/SGL_302j/LIB_ELF/LIBSGL.A(sglB087.o)
 .text          0x06012470        0x0 ../../Compiler/COMMON/SGL_302j/LIB_ELF/LIBSGL.A(sglB088.o)
 .text          0x06012470        0x0 ../../Compiler/COMMON/SGL_302j/LIB_ELF/LIBSGL.A(sglB090.o)
 .text          0x06012470        0x0 ../../Compiler/COMMON/SGL_302j/LIB_ELF/LIBSGL.A(sglB200.o)
 .text          0x06012470        0x0 ../../Compiler/COMMON/SGL_302j/LIB_ELF/LIBSGL.A(sglC05.o)
 .text          0x06012470        0x0 ../../Compiler/COMMON/SGL_302j/LIB_ELF/LIBSGL.A(sglC06.o)
 .text          0x06012470        0x0 ../../Compiler/COMMON/SGL_302j/LIB_ELF/LIBSGL.A(sglC07.o)
 .text          0x06012470        0x0 ../../Compiler/COMMON/SGL_302j/LIB_ELF/LIBSGL.A(sglC20.o)
 .text          0x06012470        0x0 ../../Compiler/COMMON/SGL_302j/LIB_ELF/LIBSGL.A(sglD00.o)
 .text          0x06012470        0x0 ../../Compiler/COMMON/SGL_302j/LIB_ELF/LIBSGL.A(sglD01.o)
 .text          0x06012470        0x0 ../../Compiler/COMMON/SGL_302j/LIB_ELF/LIBSGL.A(sglD03.o)
 .text          0x06012470        0x0 ../../Compiler/COMMON/SGL_302j/LIB_ELF/LIBSGL.A(sglD15.o)
 .text          0x06012470        0x0 ../../Compiler/COMMON/SGL_302j/LIB_ELF/LIBSGL.A(sglD16.o)
 .text          0x06012470        0x0 ../../Compiler/COMMON/SGL_302j/LIB_ELF/LIBSGL.A(sglD17.o)
 .text          0x06012470        0x0 ../../Compiler/COMMON/SGL_302j/LIB_ELF/LIBSGL.A(sglD18.o)
 .text          0x06012470        0x0 ../../Compiler/COMMON/SGL_302j/LIB_ELF/LIBSGL.A(sglF00.o)
 .text          0x06012470        0x0 ../../Compiler/COMMON/SGL_302j/LIB_ELF/LIBSGL.A(sglF05.o)
 .text          0x06012470        0x0 ../../Compiler/COMMON/SGL_302j/LIB_ELF/LIBSGL.A(sglF08.o)
 .text          0x06012470        0x0 ../../Compiler/COMMON/SGL_302j/LIB_ELF/LIBSGL.A(sglG00.o)
 .text          0x06012470        0x0 ../../Compiler/COMMON/SGL_302j/LIB_ELF/LIBSGL.A(sglG01.o)
 .text          0x06012470        0x0 ../../Compiler/COMMON/SGL_302j/LIB_ELF/LIBSGL.A(sglG19.o)
 .text          0x06012470        0x0 ../../Compiler/COMMON/SGL_302j/LIB_ELF/LIBSGL.A(sglG21.o)
 .text          0x06012470        0x0 ../../Compiler/COMMON/SGL_302j/LIB_ELF/LIBSGL.A(sglG22.o)
 .text          0x06012470        0x0 ../../Compiler/COMMON/SGL_302j/LIB_ELF/LIBSGL.A(sglG25.o)
 .text          0x06012470        0x0 ../../Compiler/COMMON/SGL_302j/LIB_ELF/LIBSGL.A(sglH00.o)
 .text          0x06012470        0x0 ../../Compiler/COMMON/SGL_302j/LIB_ELF/LIBSGL.A(sglH01.o)
 .text          0x06012470        0x0 ../../Compiler/COMMON/SGL_302j/LIB_ELF/LIBSGL.A(sglH02.o)
 .text          0x06012470        0x0 ../../Compiler/COMMON/SGL_302j/LIB_ELF/LIBSGL.A(sglH04.o)
 .text          0x06012470        0x0 ../../Compiler/COMMON/SGL_302j/LIB_ELF/LIBSGL.A(sglI01.o)
 .text          0x06012470        0x0 ../../Compiler/COMMON/SGL_302j/LIB_ELF/LIBSGL.A(sglI04.o)
 .text          0x06012470      0x128 ../../Compiler/COMMON/SGL_302j/LIB_ELF/LIBSGL.A(sglIc0.o)
                0x06012470                slInitSystem
 *fill*         0x06012598        0x8 
 .text          0x060125a0        0x0 ../../Compiler/COMMON/SGL_302j/LIB_ELF/LIBSGL.A(sglJ00.o)
 .text          0x060125a0        0x0 ../../Compiler/COMMON/SGL_302j/LIB_ELF/LIBSGL.A(sglJ01.o)
 .text          0x060125a0        0x0 ../../Compiler/COMMON/SGL_302j/LIB_ELF/LIBSGL.A(sglJ02.o)
 .text          0x060125a0        0x0 ../../Compiler/COMMON/SGL_302j/LIB_ELF/LIBSGL.A(sglJ03.o)
 .text          0x060125a0        0x0 ../../Compiler/COMMON/SGL_302j/LIB_ELF/LIBSGL.A(sglJ04.o)
 .text          0x060125a0        0x0 ../../Compiler/COMMON/SGL_302j/LIB_ELF/LIBSGL.A(sglJ05.o)
 .text          0x060125a0        0x0 ../../Compiler/COMMON/SGL_302j/LIB_ELF/LIBSGL.A(sglK01.o)
 .text          0x060125a0        0x0 ../../Compiler/COMMON/SGL_302j/LIB_ELF/LIBSGL.A(sglM01.o)
 .text          0x060125a0        0x0 ../../Compiler/COMMON/SGL_302j/LIB_ELF/LIBSGL.A(sglA00.o)
 .text          0x060125a0        0x0 ../../Compiler/COMMON/SGL_302j/LIB_ELF/LIBSGL.A(sglA01.o)
 .text          0x060125a0        0x0 ../../Compiler/COMMON/SGL_302j/LIB_ELF/LIBSGL.A(sglA20.o)
 .text          0x060125a0        0x0 ../../Compiler/COMMON/SGL_302j/LIB_ELF/LIBSGL.A(sglB000.o)
 .text          0x060125a0        0x0 ../../Compiler/COMMON/SGL_302j/LIB_ELF/LIBSGL.A(sglC00.o)
 .text          0x060125a0        0x0 ../../Compiler/COMMON/SGL_302j/LIB_ELF/LIBSGL.A(sglD02.o)
 .text          0x060125a0        0x0 ../../Compiler/COMMON/SGL_302j/LIB_ELF/LIBSGL.A(sglI00.o)
 .text          0x060125a0        0x0 ../../Compiler/COMMON/SGL_302j/LIB_ELF/LIBSGL.A(sglH03.o)
 .text          0x060125a0       0x52 c:/users/gianc/desktop/sega saturn development/joengine-master/joengine-master/compiler/windows/bin/../lib/gcc/sh-elf/9.3.0\libgcc.a(_ashiftrt.o)
                0x060125a0                __ashiftrt_r4_31
                0x060125a0                __ashiftrt_r4_32
                0x060125a6                __ashiftrt_r4_30
                0x060125a8                __ashiftrt_r4_29
                0x060125aa                __ashiftrt_r4_28
                0x060125ac                __ashiftrt_r4_27
                0x060125ae                __ashiftrt_r4_26
                0x060125b0                __ashiftrt_r4_25
                0x060125b2                __ashiftrt_r4_24
                0x060125ba                __ashiftrt_r4_23
                0x060125bc                __ashiftrt_r4_22
                0x060125be                __ashiftrt_r4_21
                0x060125c0                __ashiftrt_r4_20
                0x060125c2                __ashiftrt_r4_19
                0x060125c4                __ashiftrt_r4_18
                0x060125c6                __ashiftrt_r4_17
                0x060125c8                __ashiftrt_r4_16
                0x060125ce                __ashiftrt_r4_15
                0x060125d0                __ashiftrt_r4_14
                0x060125d2                __ashiftrt_r4_13
                0x060125d4                __ashiftrt_r4_12
                0x060125d6                __ashiftrt_r4_11
                0x060125d8                __ashiftrt_r4_10
                0x060125da                __ashiftrt_r4_9
                0x060125dc                __ashiftrt_r4_8
                0x060125de                __ashiftrt_r4_7
                0x060125e0                __ashiftrt_r4_6
                0x060125e2                __ashiftrt_r4_5
                0x060125e4                __ashiftrt_r4_4
                0x060125e6                __ashiftrt_r4_3
                0x060125e8                __ashiftrt_r4_2
                0x060125ea                __ashiftrt_r4_1
                0x060125ee                __ashiftrt_r4_0
 *fill*         0x060125f2        0x2 
 .text          0x060125f4       0x80 c:/users/gianc/desktop/sega saturn development/joengine-master/joengine-master/compiler/windows/bin/../lib/gcc/sh-elf/9.3.0\libgcc.a(_ashiftrt_n.o)
                0x060125f4                __ashrsi3
 .text          0x06012674       0xbc c:/users/gianc/desktop/sega saturn development/joengine-master/joengine-master/compiler/windows/bin/../lib/gcc/sh-elf/9.3.0\libgcc.a(_ashiftlt.o)
                0x06012674                __ashlsi3
                0x06012678                __ashlsi3_r0
 .text          0x06012730       0xbc c:/users/gianc/desktop/sega saturn development/joengine-master/joengine-master/compiler/windows/bin/../lib/gcc/sh-elf/9.3.0\libgcc.a(_lshiftrt.o)
                0x06012730                __lshrsi3
                0x06012734                __lshrsi3_r0
 .text          0x060127ec       0x78 c:/users/gianc/desktop/sega saturn development/joengine-master/joengine-master/compiler/windows/bin/../lib/gcc/sh-elf/9.3.0\libgcc.a(_movmem.o)
                0x060127ec                __movmem
                0x060127ec                __movstr
                0x06012820                __movstrSI64
                0x06012820                __movmemSI64
                0x06012824                __movstrSI60
                0x06012824                __movmemSI60
                0x06012828                __movstrSI56
                0x06012828                __movmemSI56
                0x0601282c                __movstrSI52
                0x0601282c                __movmemSI52
                0x06012830                __movstrSI48
                0x06012830                __movmemSI48
                0x06012834                __movmemSI44
                0x06012834                __movstrSI44
                0x06012838                __movstrSI40
                0x06012838                __movmemSI40
                0x0601283c                __movmemSI36
                0x0601283c                __movstrSI36
                0x06012840                __movmemSI32
                0x06012840                __movstrSI32
                0x06012844                __movstrSI28
                0x06012844                __movmemSI28
                0x06012848                __movmemSI24
                0x06012848                __movstrSI24
                0x0601284c                __movstrSI20
                0x0601284c                __movmemSI20
                0x06012850                __movstrSI16
                0x06012850                __movmemSI16
                0x06012854                __movstrSI12
                0x06012854                __movmemSI12
                0x06012858                __movmemSI8
                0x06012858                __movstrSI8
                0x0601285c                __movmemSI4
                0x0601285c                __movstrSI4
 .text          0x06012864       0xa0 c:/users/gianc/desktop/sega saturn development/joengine-master/joengine-master/compiler/windows/bin/../lib/gcc/sh-elf/9.3.0\libgcc.a(_sdivsi3.o)
                0x06012864                __sdivsi3
 .text          0x06012904       0x6c c:/users/gianc/desktop/sega saturn development/joengine-master/joengine-master/compiler/windows/bin/../lib/gcc/sh-elf/9.3.0\libgcc.a(_udivsi3.o)
                0x06012926                __udivsi3
 .text          0x06012970      0x21c c:/users/gianc/desktop/sega saturn development/joengine-master/joengine-master/compiler/windows/bin/../lib/gcc/sh-elf/9.3.0\libgcc.a(_addsub_sf.o)
                0x06012af0                __addsf3
                0x06012b3c                __subsf3
 .text          0x06012b8c      0x134 c:/users/gianc/desktop/sega saturn development/joengine-master/joengine-master/compiler/windows/bin/../lib/gcc/sh-elf/9.3.0\libgcc.a(_mul_sf.o)
                0x06012b8c                __mulsf3
 .text          0x06012cc0       0xdc c:/users/gianc/desktop/sega saturn development/joengine-master/joengine-master/compiler/windows/bin/../lib/gcc/sh-elf/9.3.0\libgcc.a(_div_sf.o)
                0x06012cc0                __divsf3
 .text          0x06012d9c       0x54 c:/users/gianc/desktop/sega saturn development/joengine-master/joengine-master/compiler/windows/bin/../lib/gcc/sh-elf/9.3.0\libgcc.a(_gt_sf.o)
                0x06012d9c                __gtsf2
 .text          0x06012df0       0x54 c:/users/gianc/desktop/sega saturn development/joengine-master/joengine-master/compiler/windows/bin/../lib/gcc/sh-elf/9.3.0\libgcc.a(_ge_sf.o)
                0x06012df0                __gesf2
 .text          0x06012e44       0x54 c:/users/gianc/desktop/sega saturn development/joengine-master/joengine-master/compiler/windows/bin/../lib/gcc/sh-elf/9.3.0\libgcc.a(_lt_sf.o)
                0x06012e44                __ltsf2
 .text          0x06012e98       0x54 c:/users/gianc/desktop/sega saturn development/joengine-master/joengine-master/compiler/windows/bin/../lib/gcc/sh-elf/9.3.0\libgcc.a(_le_sf.o)
                0x06012e98                __lesf2
 .text          0x06012eec       0x84 c:/users/gianc/desktop/sega saturn development/joengine-master/joengine-master/compiler/windows/bin/../lib/gcc/sh-elf/9.3.0\libgcc.a(_si_to_sf.o)
                0x06012eec                __floatsisf
 .text          0x06012f70       0x70 c:/users/gianc/desktop/sega saturn development/joengine-master/joengine-master/compiler/windows/bin/../lib/gcc/sh-elf/9.3.0\libgcc.a(_sf_to_si.o)
                0x06012f70                __fixsfsi
 .text          0x06012fe0       0x3c c:/users/gianc/desktop/sega saturn development/joengine-master/joengine-master/compiler/windows/bin/../lib/gcc/sh-elf/9.3.0\libgcc.a(_sf_to_df.o)
                0x06012fe0                __extendsfdf2
 .text          0x0601301c        0x0 c:/users/gianc/desktop/sega saturn development/joengine-master/joengine-master/compiler/windows/bin/../lib/gcc/sh-elf/9.3.0\libgcc.a(_thenan_sf.o)
 .text          0x0601301c       0x94 c:/users/gianc/desktop/sega saturn development/joengine-master/joengine-master/compiler/windows/bin/../lib/gcc/sh-elf/9.3.0\libgcc.a(_usi_to_sf.o)
                0x0601301c                __floatunsisf
 .text          0x060130b0      0x3e0 c:/users/gianc/desktop/sega saturn development/joengine-master/joengine-master/compiler/windows/bin/../lib/gcc/sh-elf/9.3.0\libgcc.a(_addsub_df.o)
                0x060133ec                __adddf3
                0x0601343c                __subdf3
 .text          0x06013490      0x208 c:/users/gianc/desktop/sega saturn development/joengine-master/joengine-master/compiler/windows/bin/../lib/gcc/sh-elf/9.3.0\libgcc.a(_mul_df.o)
                0x06013490                __muldf3
 .text          0x06013698       0xa8 c:/users/gianc/desktop/sega saturn development/joengine-master/joengine-master/compiler/windows/bin/../lib/gcc/sh-elf/9.3.0\libgcc.a(_si_to_df.o)
                0x06013698                __floatsidf
 .text          0x06013740       0xa0 c:/users/gianc/desktop/sega saturn development/joengine-master/joengine-master/compiler/windows/bin/../lib/gcc/sh-elf/9.3.0\libgcc.a(_df_to_si.o)
                0x06013740                __fixdfsi
 .text          0x060137e0       0x28 c:/users/gianc/desktop/sega saturn development/joengine-master/joengine-master/compiler/windows/bin/../lib/gcc/sh-elf/9.3.0\libgcc.a(_make_df.o)
                0x060137e0                __make_dp
 .text          0x06013808       0x4c c:/users/gianc/desktop/sega saturn development/joengine-master/joengine-master/compiler/windows/bin/../lib/gcc/sh-elf/9.3.0\libgcc.a(_df_to_sf.o)
                0x06013808                __truncdfsf2
 .text          0x06013854        0x0 c:/users/gianc/desktop/sega saturn development/joengine-master/joengine-master/compiler/windows/bin/../lib/gcc/sh-elf/9.3.0\libgcc.a(_thenan_df.o)
 .text          0x06013854       0x54 c:/users/gianc/desktop/sega saturn development/joengine-master/joengine-master/compiler/windows/bin/../lib/gcc/sh-elf/9.3.0\libgcc.a(_clzsi2.o)
                0x06013854                __clzsi2
 .text          0x060138a8      0x11c c:/users/gianc/desktop/sega saturn development/joengine-master/joengine-master/compiler/windows/bin/../lib/gcc/sh-elf/9.3.0\libgcc.a(_pack_sf.o)
                0x060138a8                __pack_f
 .text          0x060139c4       0xa0 c:/users/gianc/desktop/sega saturn development/joengine-master/joengine-master/compiler/windows/bin/../lib/gcc/sh-elf/9.3.0\libgcc.a(_unpack_sf.o)
                0x060139c4                __unpack_f
 .text          0x06013a64       0xac c:/users/gianc/desktop/sega saturn development/joengine-master/joengine-master/compiler/windows/bin/../lib/gcc/sh-elf/9.3.0\libgcc.a(_fpcmp_parts_sf.o)
                0x06013a64                __fpcmp_parts_f
 .text          0x06013b10       0x20 c:/users/gianc/desktop/sega saturn development/joengine-master/joengine-master/compiler/windows/bin/../lib/gcc/sh-elf/9.3.0\libgcc.a(_make_sf.o)
                0x06013b10                __make_fp
 .text          0x06013b30      0x274 c:/users/gianc/desktop/sega saturn development/joengine-master/joengine-master/compiler/windows/bin/../lib/gcc/sh-elf/9.3.0\libgcc.a(_pack_df.o)
                0x06013b30                __pack_d
 .text          0x06013da4       0xcc c:/users/gianc/desktop/sega saturn development/joengine-master/joengine-master/compiler/windows/bin/../lib/gcc/sh-elf/9.3.0\libgcc.a(_unpack_df.o)
                0x06013da4                __unpack_d
 .text          0x06013e70        0x0 c:/users/gianc/desktop/sega saturn development/joengine-master/joengine-master/compiler/windows/bin/../lib/gcc/sh-elf/9.3.0\libgcc.a(_clz.o)
 .text          0x06013e70       0x1e c:/users/gianc/desktop/sega saturn development/joengine-master/joengine-master/compiler/windows/bin/../lib/gcc/sh-elf/9.3.0/../../../../sh-elf/lib\libc.a(lib_a-memcmp.o)
                0x06013e70                memcmp
 *fill*         0x06013e8e        0x2 
 .text          0x06013e90       0x94 c:/users/gianc/desktop/sega saturn development/joengine-master/joengine-master/compiler/windows/bin/../lib/gcc/sh-elf/9.3.0/../../../../sh-elf/lib\libc.a(lib_a-memcpy.o)
                0x06013e90                memcpy
 .text          0x06013f24       0x40 c:/users/gianc/desktop/sega saturn development/joengine-master/joengine-master/compiler/windows/bin/../lib/gcc/sh-elf/9.3.0/../../../../sh-elf/lib\libc.a(lib_a-memset.o)
                0x06013f24                memset
 .text          0x06013f64       0x8c c:/users/gianc/desktop/sega saturn development/joengine-master/joengine-master/compiler/windows/bin/../lib/gcc/sh-elf/9.3.0/../../../../sh-elf/lib\libc.a(lib_a-sprintf.o)
                0x06013f64                _siprintf_r
                0x06013f64                _sprintf_r
                0x06013fa4                siprintf
                0x06013fa4                sprintf
 .text          0x06013ff0       0x2a c:/users/gianc/desktop/sega saturn development/joengine-master/joengine-master/compiler/windows/bin/../lib/gcc/sh-elf/9.3.0/../../../../sh-elf/lib\libc.a(lib_a-strncmp.o)
                0x06013ff0                strncmp
 .text          0x0601401a       0x36 c:/users/gianc/desktop/sega saturn development/joengine-master/joengine-master/compiler/windows/bin/../lib/gcc/sh-elf/9.3.0/../../../../sh-elf/lib\libc.a(lib_a-strncpy.o)
                0x0601401a                strncpy
 .text          0x06014050        0x0 c:/users/gianc/desktop/sega saturn development/joengine-master/joengine-master/compiler/windows/bin/../lib/gcc/sh-elf/9.3.0/../../../../sh-elf/lib\libc.a(lib_a-impure.o)
 .text          0x06014050      0x444 c:/users/gianc/desktop/sega saturn development/joengine-master/joengine-master/compiler/windows/bin/../lib/gcc/sh-elf/9.3.0/../../../../sh-elf/lib\libc.a(lib_a-nano-svfprintf.o)
                0x06014050                __ssputs_r
                0x06014144                __ssprint_r
                0x06014278                _svfprintf_r
                0x06014278                _svfiprintf_r
 .text          0x06014494      0x380 c:/users/gianc/desktop/sega saturn development/joengine-master/joengine-master/compiler/windows/bin/../lib/gcc/sh-elf/9.3.0/../../../../sh-elf/lib\libc.a(lib_a-nano-vfprintf_i.o)
                0x06014494                _printf_common
                0x06014594                _printf_i
 .text          0x06014814       0x1c c:/users/gianc/desktop/sega saturn development/joengine-master/joengine-master/compiler/windows/bin/../lib/gcc/sh-elf/9.3.0/../../../../sh-elf/lib\libc.a(lib_a-memchr.o)
                0x06014814                memchr
 .text          0x06014830       0x3c c:/users/gianc/desktop/sega saturn development/joengine-master/joengine-master/compiler/windows/bin/../lib/gcc/sh-elf/9.3.0/../../../../sh-elf/lib\libc.a(lib_a-memmove.o)
                0x06014830                memmove
 .text          0x0601486c       0xd0 c:/users/gianc/desktop/sega saturn development/joengine-master/joengine-master/compiler/windows/bin/../lib/gcc/sh-elf/9.3.0/../../../../sh-elf/lib\libc.a(lib_a-nano-freer.o)
                0x0601486c                _free_r
 .text          0x0601493c       0xf8 c:/users/gianc/desktop/sega saturn development/joengine-master/joengine-master/compiler/windows/bin/../lib/gcc/sh-elf/9.3.0/../../../../sh-elf/lib\libc.a(lib_a-nano-mallocr.o)
                0x0601493c                _malloc_r
 .text          0x06014a34       0x7c c:/users/gianc/desktop/sega saturn development/joengine-master/joengine-master/compiler/windows/bin/../lib/gcc/sh-elf/9.3.0/../../../../sh-elf/lib\libc.a(lib_a-nano-reallocr.o)
                0x06014a34                _realloc_r
 .text          0x06014ab0       0x30 c:/users/gianc/desktop/sega saturn development/joengine-master/joengine-master/compiler/windows/bin/../lib/gcc/sh-elf/9.3.0/../../../../sh-elf/lib\libc.a(lib_a-sbrkr.o)
                0x06014ab0                _sbrk_r
 .text          0x06014ae0      0x25c c:/users/gianc/desktop/sega saturn development/joengine-master/joengine-master/compiler/windows/bin/../lib/gcc/sh-elf/9.3.0/../../../../sh-elf/lib\libc.a(lib_a-syscalls.o)
                0x06014b58                _read
                0x06014b68                _lseek
                0x06014b78                _write
                0x06014b88                _close
                0x06014b98                _link
                0x06014b9c                _sbrk
                0x06014bf4                _fstat
                0x06014bfe                _open
                0x06014c10                _creat
                0x06014c20                _unlink
                0x06014c24                isatty
                0x06014c28                _isatty
                0x06014c2c                _exit
                0x06014c3c                _kill
                0x06014c50                _getpid
                0x06014c54                _raise
                0x06014c58                _stat
                0x06014c68                _chmod
                0x06014c78                _chown
                0x06014c88                _utime
                0x06014c9c                _fork
                0x06014ca8                _wait
                0x06014cb8                _execve
                0x06014cc8                _execv
                0x06014cd8                _pipe
                0x06014ce4                _times
                0x06014ce8                _gettimeofday
                0x06014d10                __setup_argv_and_call_main
 .text          0x06014d3c       0x14 c:/users/gianc/desktop/sega saturn development/joengine-master/joengine-master/compiler/windows/bin/../lib/gcc/sh-elf/9.3.0/../../../../sh-elf/lib\libc.a(lib_a-trap.o)
                0x06014d3c                __trap34
 .text          0x06014d50       0x18 c:/users/gianc/desktop/sega saturn development/joengine-master/joengine-master/compiler/windows/bin/../lib/gcc/sh-elf/9.3.0/../../../../sh-elf/lib\libc.a(lib_a-abort.o)
                0x06014d50                abort
 .text          0x06014d68        0x8 c:/users/gianc/desktop/sega saturn development/joengine-master/joengine-master/compiler/windows/bin/../lib/gcc/sh-elf/9.3.0/../../../../sh-elf/lib\libc.a(lib_a-mlock.o)
                0x06014d68                __malloc_lock
                0x06014d6c                __malloc_unlock
 .text          0x06014d70       0x16 c:/users/gianc/desktop/sega saturn development/joengine-master/joengine-master/compiler/windows/bin/../lib/gcc/sh-elf/9.3.0/../../../../sh-elf/lib\libc.a(lib_a-nano-msizer.o)
                0x06014d70                _malloc_usable_size_r
 *fill*         0x06014d86        0x2 
 .text          0x06014d88      0x1b4 c:/users/gianc/desktop/sega saturn development/joengine-master/joengine-master/compiler/windows/bin/../lib/gcc/sh-elf/9.3.0/../../../../sh-elf/lib\libc.a(lib_a-signal.o)
                0x06014d88                _init_signal_r
                0x06014dc8                _signal_r
                0x06014e14                _raise_r
                0x06014e8c                __sigtramp_r
                0x06014ef0                raise
                0x06014f04                signal
                0x06014f18                _init_signal
                0x06014f28                __sigtramp
 .text          0x06014f3c       0x40 c:/users/gianc/desktop/sega saturn development/joengine-master/joengine-master/compiler/windows/bin/../lib/gcc/sh-elf/9.3.0/../../../../sh-elf/lib\libc.a(lib_a-signalr.o)
                0x06014f3c                _kill_r
                0x06014f70                _getpid_r
 *(.strings)
 *(SEGA_P)
 *(.eh_frame_hdr)
 *(.eh_frame)
                0x06014f7c                __etext = .

.text.startup   0x06014f80       0x40
 .text.startup  0x06014f80       0x40 ../../jo_engine/core.o
                0x06014f80                main

SLPROG          0x06014fc0    0x10c70
                0x06014fc0                __slprog_start = .
 *(SLPROG)
 SLPROG         0x06014fc0     0x6540 ../../Compiler/COMMON/SGL_302j/LIB_ELF/SGLAREA.O
                0x06014fc0                MasterStack
                0x06014fc4                SlaveStack
                0x06014fc8                MaxVertices
                0x06014fca                MaxPolygons
                0x06014fcc                SortList
                0x06014fd0                SortListSize
                0x06014fd4                TransList
                0x06014fd8                Zbuffer
                0x06014fdc                SpriteBuf
                0x06014fe0                SpriteBufSize
                0x06014fe4                Pbuffer
                0x06014fe8                CommandBuf
                0x06014fec                CLOfstBuf
                0x06014ff0                PCM_Work
                0x06014ff4                PCM_WkSize
                0x06014ff8                MaxEvents
                0x06014ffa                EventSize
                0x06014ffc                MaxWorks
                0x06014ffe                WorkSize
                0x06015000                RemainEvent
                0x06015100                RemainWork
                0x06015500                EventBuf
                0x06017500                WorkBuf
 SLPROG         0x0601b500       0x18 ../../Compiler/COMMON/SGL_302j/LIB_ELF/LIBSGL.A(sglA15.o)
                0x0601b500                slSlaveFunc
 *fill*         0x0601b518        0x8 
 SLPROG         0x0601b520       0x20 ../../Compiler/COMMON/SGL_302j/LIB_ELF/LIBSGL.A(sglB001.o)
                0x0601b520                slTVOn
                0x0601b52a                slTVOff
 SLPROG         0x0601b540       0x24 ../../Compiler/COMMON/SGL_302j/LIB_ELF/LIBSGL.A(sglB011.o)
                0x0601b540                slBitMapNbg1
 *fill*         0x0601b564        0xc 
 SLPROG         0x0601b570        0x8 ../../Compiler/COMMON/SGL_302j/LIB_ELF/LIBSGL.A(sglB014.o)
                0x0601b570                slScrTransparent
 *fill*         0x0601b578        0x8 
 SLPROG         0x0601b580      0x40c ../../Compiler/COMMON/SGL_302j/LIB_ELF/LIBSGL.A(sglB015.o)
                0x0601b580                slScrAutoDisp
 *fill*         0x0601b98c        0x4 
 SLPROG         0x0601b990        0xc ../../Compiler/COMMON/SGL_302j/LIB_ELF/LIBSGL.A(sglB016.o)
                0x0601b990                slBack1ColSet
 *fill*         0x0601b99c        0x4 
 SLPROG         0x0601b9a0       0x10 ../../Compiler/COMMON/SGL_302j/LIB_ELF/LIBSGL.A(sglB020.o)
                0x0601b9a0                slColorCalc
 SLPROG         0x0601b9b0        0xc ../../Compiler/COMMON/SGL_302j/LIB_ELF/LIBSGL.A(sglB021.o)
                0x0601b9b0                slColorCalcOn
 *fill*         0x0601b9bc        0x4 
 SLPROG         0x0601b9c0        0xc ../../Compiler/COMMON/SGL_302j/LIB_ELF/LIBSGL.A(sglB023.o)
                0x0601b9c0                slColRate
 *fill*         0x0601b9cc        0x4 
 SLPROG         0x0601b9d0       0xb4 ../../Compiler/COMMON/SGL_302j/LIB_ELF/LIBSGL.A(sglB032.o)
                0x0601b9d0                slMapNbg1
 *fill*         0x0601ba84        0xc 
 SLPROG         0x0601ba90       0xd4 ../../Compiler/COMMON/SGL_302j/LIB_ELF/LIBSGL.A(sglB035.o)
                0x0601ba90                sl1MapRA
                0x0601bb22                rbank_set
 *fill*         0x0601bb64        0xc 
 SLPROG         0x0601bb70       0xa0 ../../Compiler/COMMON/SGL_302j/LIB_ELF/LIBSGL.A(sglB036.o)
                0x0601bb70                sl1MapRB
 SLPROG         0x0601bc10       0x70 ../../Compiler/COMMON/SGL_302j/LIB_ELF/LIBSGL.A(sglB038.o)
                0x0601bc10                slRparaInitSet
 SLPROG         0x0601bc80       0x7e ../../Compiler/COMMON/SGL_302j/LIB_ELF/LIBSGL.A(sglB039.o)
                0x0601bc80                slMakeKtable
 *fill*         0x0601bcfe        0x2 
 SLPROG         0x0601bd00       0x58 ../../Compiler/COMMON/SGL_302j/LIB_ELF/LIBSGL.A(sglB040.o)
                0x0601bd00                slKtableRA
 *fill*         0x0601bd58        0x8 
 SLPROG         0x0601bd60       0x5c ../../Compiler/COMMON/SGL_302j/LIB_ELF/LIBSGL.A(sglB041.o)
                0x0601bd60                slKtableRB
 *fill*         0x0601bdbc        0x4 
 SLPROG         0x0601bdc0        0x8 ../../Compiler/COMMON/SGL_302j/LIB_ELF/LIBSGL.A(sglB043.o)
                0x0601bdc0                slRparaMode
 *fill*         0x0601bdc8        0x8 
 SLPROG         0x0601bdd0        0xc ../../Compiler/COMMON/SGL_302j/LIB_ELF/LIBSGL.A(sglB047.o)
                0x0601bdd0                slOverRA
 *fill*         0x0601bddc        0x4 
 SLPROG         0x0601bde0       0x10 ../../Compiler/COMMON/SGL_302j/LIB_ELF/LIBSGL.A(sglB048.o)
                0x0601bde0                slOverRB
 SLPROG         0x0601bdf0        0xc ../../Compiler/COMMON/SGL_302j/LIB_ELF/LIBSGL.A(sglB056.o)
                0x0601bdf0                slPlaneNbg1
 *fill*         0x0601bdfc        0x4 
 SLPROG         0x0601be00        0xc ../../Compiler/COMMON/SGL_302j/LIB_ELF/LIBSGL.A(sglB059.o)
                0x0601be00                slPlaneRA
 *fill*         0x0601be0c        0x4 
 SLPROG         0x0601be10       0x10 ../../Compiler/COMMON/SGL_302j/LIB_ELF/LIBSGL.A(sglB060.o)
                0x0601be10                slPlaneRB
 SLPROG         0x0601be20        0xc ../../Compiler/COMMON/SGL_302j/LIB_ELF/LIBSGL.A(sglB063.o)
                0x0601be20                slPriority
 *fill*         0x0601be2c        0x4 
 SLPROG         0x0601be30        0xc ../../Compiler/COMMON/SGL_302j/LIB_ELF/LIBSGL.A(sglB071.o)
                0x0601be30                slScrPosNbg1
 *fill*         0x0601be3c        0x4 
 SLPROG         0x0601be40       0x18 ../../Compiler/COMMON/SGL_302j/LIB_ELF/LIBSGL.A(sglB087.o)
                0x0601be40                slLineScrollTable0
 *fill*         0x0601be58        0x8 
 SLPROG         0x0601be60        0x8 ../../Compiler/COMMON/SGL_302j/LIB_ELF/LIBSGL.A(sglB088.o)
                0x0601be60                slLineScrollTable1
 *fill*         0x0601be68        0x8 
 SLPROG         0x0601be70        0xc ../../Compiler/COMMON/SGL_302j/LIB_ELF/LIBSGL.A(sglB090.o)
                0x0601be70                slLineScrollMode
 *fill*         0x0601be7c        0x4 
 SLPROG         0x0601be80      0x114 ../../Compiler/COMMON/SGL_302j/LIB_ELF/LIBSGL.A(sglB200.o)
                0x0601be80                slCharRbg0
                0x0601be8c                slCharNbg0
                0x0601be98                slCharNbg1
                0x0601bea4                slCharNbg2
                0x0601beba                slCharNbg3
                0x0601bed2                slPageRbg0
                0x0601bee8                slPageNbg1
                0x0601bef0                slPageNbg2
                0x0601bef8                slPageNbg3
                0x0601bf04                slPageNbg0
 *fill*         0x0601bf94        0xc 
 SLPROG         0x0601bfa0       0x78 ../../Compiler/COMMON/SGL_302j/LIB_ELF/LIBSGL.A(sglC05.o)
                0x0601bfa0                slSetSprite
 *fill*         0x0601c018        0x8 
 SLPROG         0x0601c020       0xfa ../../Compiler/COMMON/SGL_302j/LIB_ELF/LIBSGL.A(sglC06.o)
                0x0601c020                slDispSprite
 *fill*         0x0601c11a        0x6 
 SLPROG         0x0601c120      0x162 ../../Compiler/COMMON/SGL_302j/LIB_ELF/LIBSGL.A(sglC07.o)
                0x0601c126                slPutSprite
 *fill*         0x0601c282        0xe 
 SLPROG         0x0601c290       0x40 ../../Compiler/COMMON/SGL_302j/LIB_ELF/LIBSGL.A(sglC20.o)
                0x0601c290                SpriteEntry
 SLPROG         0x0601c2d0       0x84 ../../Compiler/COMMON/SGL_302j/LIB_ELF/LIBSGL.A(sglD00.o)
                0x0601c2d0                slCpuDMACopy
                0x0601c2d0                slDMACopy
                0x0601c32a                CSH_AllClr
                0x0601c32a                slCashPurge
 *fill*         0x0601c354        0xc 
 SLPROG         0x0601c360       0xa0 ../../Compiler/COMMON/SGL_302j/LIB_ELF/LIBSGL.A(sglD01.o)
                0x0601c360                slDMAXCopy
 SLPROG         0x0601c400        0xc ../../Compiler/COMMON/SGL_302j/LIB_ELF/LIBSGL.A(sglD03.o)
                0x0601c400                slDMAStatus
 *fill*         0x0601c40c        0x4 
 SLPROG         0x0601c410       0x20 ../../Compiler/COMMON/SGL_302j/LIB_ELF/LIBSGL.A(sglD15.o)
                0x0601c410                CSH_Purge
 SLPROG         0x0601c430       0x84 ../../Compiler/COMMON/SGL_302j/LIB_ELF/LIBSGL.A(sglD16.o)
                0x0601c430                DMA_ScuSetPrm
                0x0601c478                DMA_SCU_PRM0
 *fill*         0x0601c4b4        0xc 
 SLPROG         0x0601c4c0       0x88 ../../Compiler/COMMON/SGL_302j/LIB_ELF/LIBSGL.A(sglD17.o)
                0x0601c4c0                DMA_ScuStart
 *fill*         0x0601c548        0x8 
 SLPROG         0x0601c550       0x34 ../../Compiler/COMMON/SGL_302j/LIB_ELF/LIBSGL.A(sglD18.o)
                0x0601c550                DMA_ScuGetStatus
 *fill*         0x0601c584        0xc 
 SLPROG         0x0601c590       0x4e ../../Compiler/COMMON/SGL_302j/LIB_ELF/LIBSGL.A(sglF00.o)
                0x0601c590                slCurScrn
                0x0601c5a0                slCurColor
                0x0601c5aa                slLocate
                0x0601c5dc                CurrentScreen
 *fill*         0x0601c5de        0x2 
 SLPROG         0x0601c5e0       0x1c ../../Compiler/COMMON/SGL_302j/LIB_ELF/LIBSGL.A(sglF05.o)
                0x0601c5e0                slPrint
 *fill*         0x0601c5fc        0x4 
 SLPROG         0x0601c600       0x34 ../../Compiler/COMMON/SGL_302j/LIB_ELF/LIBSGL.A(sglF08.o)
                0x0601c600                slDec2Hex
 *fill*         0x0601c634        0xc 
 SLPROG         0x0601c640      0x1d0 ../../Compiler/COMMON/SGL_302j/LIB_ELF/LIBSGL.A(sglG00.o)
                0x0601c640                slInitSound
                0x0601c744                slWaitSound
                0x0601c75c                slSndFlush
 SLPROG         0x0601c810       0x18 ../../Compiler/COMMON/SGL_302j/LIB_ELF/LIBSGL.A(sglG01.o)
                0x0601c810                slSndVolume
 *fill*         0x0601c828        0x8 
 SLPROG         0x0601c830       0x4c ../../Compiler/COMMON/SGL_302j/LIB_ELF/LIBSGL.A(sglG19.o)
                0x0601c830                slCDDAOn
 *fill*         0x0601c87c        0x4 
 SLPROG         0x0601c880      0x1e0 ../../Compiler/COMMON/SGL_302j/LIB_ELF/LIBSGL.A(sglG21.o)
                0x0601c888                slPCMOn
                0x0601c9a6                slSndPCMNum
 SLPROG         0x0601ca60       0x48 ../../Compiler/COMMON/SGL_302j/LIB_ELF/LIBSGL.A(sglG22.o)
                0x0601ca60                slPCMOff
 *fill*         0x0601caa8        0x8 
 SLPROG         0x0601cab0       0x18 ../../Compiler/COMMON/SGL_302j/LIB_ELF/LIBSGL.A(sglG25.o)
                0x0601cab0                slPCMStat
 *fill*         0x0601cac8        0x8 
 SLPROG         0x0601cad0      0xfc8 ../../Compiler/COMMON/SGL_302j/LIB_ELF/LIBSGL.A(sglH00.o)
                0x0601cae8                slGetPortDir1
                0x0601caf0                slGetPortDir2
                0x0601caf8                slSetPortDir1
                0x0601cb22                slSetPortDir2
                0x0601cb5c                slGetPortData1
                0x0601cb64                slGetPortData2
                0x0601cb6c                slSetPortData1
                0x0601cb76                slSetPortData2
                0x0601cb88                slGetPortSelect1
                0x0601cb92                slGetPortSelect2
                0x0601cb9c                slSetPortSelect1
                0x0601cbd0                slSetPortSelect2
                0x0601cc0c                slGetPortExt1
                0x0601cc16                slGetPortExt2
                0x0601cc20                slSetPortExt1
                0x0601cc50                slSetPortExt2
                0x0601cdc4                slSmpcDirectAccess
                0x0601ce44                slInitPeripheral
                0x0601ced6                slSetResultBuffer
                0x0601cf62                slCheckIntBackSet
                0x0601cf6e                slIntBackCancel
                0x0601cf98                slCheckReset
                0x0601cfa2                slClearReset
                0x0601d168                slSmpcCashSend
                0x0601d224                slSmpcCashBlow
                0x0601d300                slGetOptimize
                0x0601d30a                slSetOptimize
                0x0601d330                slGetPortMode1
                0x0601d33c                slGetPortMode2
                0x0601d34a                slSetPortMode1
                0x0601d388                slSetPortMode2
                0x0601d514                slRequestCommand
                0x0601d584                Smpc_Status
                0x0601d588                Smpc_Result
                0x0601d58c                Smpc_Peripheral
                0x0601d592                Per_Connect1
                0x0601d593                Per_Connect2
                0x0601d5b4                SmpcStatusBuf
 *fill*         0x0601da98        0x8 
 SLPROG         0x0601daa0       0xa8 ../../Compiler/COMMON/SGL_302j/LIB_ELF/LIBSGL.A(sglH01.o)
                0x0601daa0                slGetLanguage
                0x0601daaa                slSetLanguage
                0x0601dacc                slGetSoundEffect
                0x0601dad8                slSetSoundEffect
                0x0601daf4                slGetSoundOutput
                0x0601db00                slSetSoundOutput
                0x0601db1c                slGetHelpWindow
                0x0601db28                slSetHelpWindow
 *fill*         0x0601db48        0x8 
 SLPROG         0x0601db50      0x470 ../../Compiler/COMMON/SGL_302j/LIB_ELF/LIBSGL.A(sglH02.o)
                0x0601df40                smpc_pfr_tbl
                0x0601df80                smpc_ptf_tbl
 SLPROG         0x0601dfc0       0x60 ../../Compiler/COMMON/SGL_302j/LIB_ELF/LIBSGL.A(sglH04.o)
                0x0601dfc0                slComPrmIntBack
                0x0601dfd4                slComPrmSetMemory
                0x0601dfea                slComPrmSetTime
 SLPROG         0x0601e020      0x3a4 ../../Compiler/COMMON/SGL_302j/LIB_ELF/LIBSGL.A(sglI01.o)
                0x0601e020                slInitSynch
                0x0601e03a                slSynch
                0x0601e130                slRandom
                0x0601e14e                PCM_EndCheck
                0x0601e20a                RetPCMBuf
                0x0601e2a4                PCM_Buf
                0x0601e344                Sound_Buf
 *fill*         0x0601e3c4        0xc 
 SLPROG         0x0601e3d0       0x10 ../../Compiler/COMMON/SGL_302j/LIB_ELF/LIBSGL.A(sglI04.o)
                0x0601e3d0                slIntFunction
 SLPROG         0x0601e3e0       0x74 ../../Compiler/COMMON/SGL_302j/LIB_ELF/LIBSGL.A(sglJ00.o)
                0x0601e3e0                InitSlaveSH
                0x0601e448                SlaveCommand
 *fill*         0x0601e454        0xc 
 SLPROG         0x0601e460      0x3d0 ../../Compiler/COMMON/SGL_302j/LIB_ELF/LIBSGL.A(sglJ01.o)
                0x0601e460                SlaveControl
                0x0601e81c                ErasePolygonData
 SLPROG         0x0601e830     0x12b8 ../../Compiler/COMMON/SGL_302j/LIB_ELF/LIBSGL.A(sglJ02.o)
                0x0601e830                sbMakePolygon
                0x0601ea18                sbCalcPolygon
                0x0601f750                SetTexture
                0x0601f75c                SetPolygon
                0x0601f764                SetPosition
                0x0601f79c                stvtc_4
                0x0601f854                stvtc_3
                0x0601fa64                stvtc_1
                0x0601fa78                stvtc_2
                0x0601fa8c                stvtc_0
 *fill*         0x0601fae8        0x8 
 SLPROG         0x0601faf0      0x140 ../../Compiler/COMMON/SGL_302j/LIB_ELF/LIBSGL.A(sglJ03.o)
                0x0601faf0                sbMakeDMATable
 SLPROG         0x0601fc30      0x470 ../../Compiler/COMMON/SGL_302j/LIB_ELF/LIBSGL.A(sglJ04.o)
                0x0601fc8e                sbMakeSprite
                0x0601fcf4                sbMakeRotSprite
 SLPROG         0x060200a0       0x3c ../../Compiler/COMMON/SGL_302j/LIB_ELF/LIBSGL.A(sglJ05.o)
                0x060200a0                sbSortEntry
 *fill*         0x060200dc        0x4 
 SLPROG         0x060200e0       0x6a ../../Compiler/COMMON/SGL_302j/LIB_ELF/LIBSGL.A(sglM01.o)
                0x060200e0                slSetDepthLimit
                0x0602010c                slSetDepthTbl
                0x0602013c                DepthWorkArea
 *fill*         0x0602014a        0x6 
 SLPROG         0x06020150       0x20 ../../Compiler/COMMON/SGL_302j/LIB_ELF/LIBSGL.A(sglA00.o)
                0x06020150                set_imask
                0x06020150                _builtin_set_imask
                0x06020164                _builtin_get_imask
                0x06020164                get_imask
 SLPROG         0x06020170     0x411e ../../Compiler/COMMON/SGL_302j/LIB_ELF/LIBSGL.A(sglA01.o)
                0x06020170                slSin
                0x06020194                slCos
                0x060201b8                GetSinCos
                0x0602024c                sin_cos_index_tbl
                0x0602028c                sin_tbl
 *fill*         0x0602428e        0x2 
 SLPROG         0x06024290      0x42c ../../Compiler/COMMON/SGL_302j/LIB_ELF/LIBSGL.A(sglA20.o)
                0x06024290                slInitMatrix
                0x0602429a                slPushUnitMatrix
                0x060242ae                slUnitMatrix
 *fill*         0x060246bc        0x4 
 SLPROG         0x060246c0      0xbd0 ../../Compiler/COMMON/SGL_302j/LIB_ELF/LIBSGL.A(sglB000.o)
                0x060246c0                slInitScroll
                0x060247e0                setASC_1to8
                0x06024810                setASC_4to8
                0x06024920                TVSizeTbl
                0x060249a0                TVModeTbl
                0x06024b78                SGL_ASCII_CG
 SLPROG         0x06025290      0x134 ../../Compiler/COMMON/SGL_302j/LIB_ELF/LIBSGL.A(sglC00.o)
                0x06025290                slInitSprite
 *fill*         0x060253c4        0xc 
 SLPROG         0x060253d0       0x10 ../../Compiler/COMMON/SGL_302j/LIB_ELF/LIBSGL.A(sglD02.o)
                0x060253d0                slDMAWait
 SLPROG         0x060253e0      0x75c ../../Compiler/COMMON/SGL_302j/LIB_ELF/LIBSGL.A(sglI00.o)
                0x060256d0                slInitInterrupt
 *fill*         0x06025b3c        0x4 
 SLPROG         0x06025b40       0xf0 ../../Compiler/COMMON/SGL_302j/LIB_ELF/LIBSGL.A(sglH03.o)
                0x06025ba4                slSmpcIntBack
                0x06025c30                __slprog_end = .

.tors           0x06025c30        0x0
                0x06025c30                ___ctors = .
 *(.ctors)
                0x06025c30                ___ctors_end = .
                0x06025c30                ___dtors = .
 *(.dtors)
                0x06025c30                ___dtors_end = .

.data           0x06025c30     0x6d20
 *(.data)
 .data          0x06025c30        0x0 ../../Compiler/COMMON/SGL_302j/LIB_ELF/SGLAREA.O
 .data          0x06025c30        0x1 main.o
 .data          0x06025c31        0x0 ../../jo_engine/tga.o
 *fill*         0x06025c31        0x3 
 .data          0x06025c34     0x682f ../../jo_engine/audio.o
                0x06025c70                sddrvstsk
 *fill*         0x0602c463        0x1 
 .data          0x0602c464        0x4 ../../jo_engine/fs.o
 .data          0x0602c468        0x0 ../../jo_engine/storyboard.o
 .data          0x0602c468        0x0 ../../jo_engine/slave.o
 .data          0x0602c468        0x0 ../../jo_engine/font.o
 .data          0x0602c468        0x0 ../../jo_engine/input.o
 .data          0x0602c468        0x0 ../../jo_engine/physics.o
 .data          0x0602c468        0x0 ../../jo_engine/core.o
 .data          0x0602c468        0x4 ../../jo_engine/math.o
                0x0602c468                jo_random_seed
 .data          0x0602c46c        0x0 ../../jo_engine/malloc.o
 .data          0x0602c46c        0x0 ../../jo_engine/tools.o
 .data          0x0602c46c        0x0 ../../jo_engine/palette.o
 .data          0x0602c46c       0x28 ../../jo_engine/sprites.o
                0x0602c470                __jo_gouraud_shading_runtime_index
                0x0602c474                __jo_sprite_pos
                0x0602c480                __jo_sprite_attributes
 .data          0x0602c494        0x0 ../../jo_engine/map.o
 .data          0x0602c494        0x0 ../../jo_engine/list.o
 .data          0x0602c494        0x4 ../../jo_engine/sprite_animator.o
 .data          0x0602c498        0x0 ../../jo_engine/image.o
 .data          0x0602c498        0x0 ../../jo_engine/vdp2.o
 .data          0x0602c498        0x0 ../../jo_engine/time.o
 .data          0x0602c498        0x0 ../../jo_engine/vdp1_command_pipeline.o
 .data          0x0602c498       0x10 ../../jo_engine/vdp2_malloc.o
 *fill*         0x0602c4a8        0x8 
 .data          0x0602c4b0        0x0 ../../Compiler/COMMON/SGL_302j/LIB_ELF/SEGA_SYS.A(sys_exit.o)
 .data          0x0602c4b0        0x0 ../../Compiler/COMMON/SGL_302j/LIB_ELF/SEGA_SYS.A(sys_sub.o)
 .data          0x0602c4b0        0x0 ../../Compiler/COMMON/SGL_302j/LIB_ELF/LIBCD.A(CDC_CMN.O)
 .data          0x0602c4b0        0x0 ../../Compiler/COMMON/SGL_302j/LIB_ELF/LIBCD.A(CDC_DRV.O)
 .data          0x0602c4b0        0x0 ../../Compiler/COMMON/SGL_302j/LIB_ELF/LIBCD.A(CDC_CFS.O)
 .data          0x0602c4b0        0x0 ../../Compiler/COMMON/SGL_302j/LIB_ELF/LIBCD.A(CDC_REG.O)
 .data          0x0602c4b0        0x0 ../../Compiler/COMMON/SGL_302j/LIB_ELF/LIBCD.A(CDC_SUB.O)
 .data          0x0602c4b0        0x0 ../../Compiler/COMMON/SGL_302j/LIB_ELF/LIBCD.A(GFS.O)
 .data          0x0602c4b0        0x0 ../../Compiler/COMMON/SGL_302j/LIB_ELF/LIBCD.A(GFS_BUF.O)
 .data          0x0602c4b0        0x0 ../../Compiler/COMMON/SGL_302j/LIB_ELF/LIBCD.A(GFS_CDB.O)
 .data          0x0602c4b0        0x0 ../../Compiler/COMMON/SGL_302j/LIB_ELF/LIBCD.A(GFS_CDC.O)
 .data          0x0602c4b0        0x0 ../../Compiler/COMMON/SGL_302j/LIB_ELF/LIBCD.A(GFS_CDF.O)
 .data          0x0602c4b0        0x0 ../../Compiler/COMMON/SGL_302j/LIB_ELF/LIBCD.A(GFS_DIR.O)
 .data          0x0602c4b0        0x0 ../../Compiler/COMMON/SGL_302j/LIB_ELF/LIBCD.A(GFS_TRN.O)
 .data          0x0602c4b0        0x0 ../../Compiler/COMMON/SGL_302j/LIB_ELF/LIBCD.A(CDC_DEV.O)
 .data          0x0602c4b0        0x0 ../../Compiler/COMMON/SGL_302j/LIB_ELF/LIBCD.A(CDC_SEL.O)
 .data          0x0602c4b0        0x0 ../../Compiler/COMMON/SGL_302j/LIB_ELF/LIBCD.A(CDC_BIF.O)
 .data          0x0602c4b0        0x0 ../../Compiler/COMMON/SGL_302j/LIB_ELF/LIBCD.A(CDC_BIO.O)
 .data          0x0602c4b0        0x0 ../../Compiler/COMMON/SGL_302j/LIB_ELF/LIBSGL.A(sglA15.o)
 .data          0x0602c4b0        0x0 ../../Compiler/COMMON/SGL_302j/LIB_ELF/LIBSGL.A(sglB001.o)
 .data          0x0602c4b0        0x0 ../../Compiler/COMMON/SGL_302j/LIB_ELF/LIBSGL.A(sglB011.o)
 .data          0x0602c4b0        0x0 ../../Compiler/COMMON/SGL_302j/LIB_ELF/LIBSGL.A(sglB014.o)
 .data          0x0602c4b0        0x0 ../../Compiler/COMMON/SGL_302j/LIB_ELF/LIBSGL.A(sglB015.o)
 .data          0x0602c4b0        0x0 ../../Compiler/COMMON/SGL_302j/LIB_ELF/LIBSGL.A(sglB016.o)
 .data          0x0602c4b0        0x0 ../../Compiler/COMMON/SGL_302j/LIB_ELF/LIBSGL.A(sglB020.o)
 .data          0x0602c4b0        0x0 ../../Compiler/COMMON/SGL_302j/LIB_ELF/LIBSGL.A(sglB021.o)
 .data          0x0602c4b0        0x0 ../../Compiler/COMMON/SGL_302j/LIB_ELF/LIBSGL.A(sglB023.o)
 .data          0x0602c4b0        0x0 ../../Compiler/COMMON/SGL_302j/LIB_ELF/LIBSGL.A(sglB032.o)
 .data          0x0602c4b0        0x0 ../../Compiler/COMMON/SGL_302j/LIB_ELF/LIBSGL.A(sglB035.o)
 .data          0x0602c4b0        0x0 ../../Compiler/COMMON/SGL_302j/LIB_ELF/LIBSGL.A(sglB036.o)
 .data          0x0602c4b0        0x0 ../../Compiler/COMMON/SGL_302j/LIB_ELF/LIBSGL.A(sglB038.o)
 .data          0x0602c4b0        0x0 ../../Compiler/COMMON/SGL_302j/LIB_ELF/LIBSGL.A(sglB039.o)
 .data          0x0602c4b0        0x0 ../../Compiler/COMMON/SGL_302j/LIB_ELF/LIBSGL.A(sglB040.o)
 .data          0x0602c4b0        0x0 ../../Compiler/COMMON/SGL_302j/LIB_ELF/LIBSGL.A(sglB041.o)
 .data          0x0602c4b0        0x0 ../../Compiler/COMMON/SGL_302j/LIB_ELF/LIBSGL.A(sglB043.o)
 .data          0x0602c4b0        0x0 ../../Compiler/COMMON/SGL_302j/LIB_ELF/LIBSGL.A(sglB047.o)
 .data          0x0602c4b0        0x0 ../../Compiler/COMMON/SGL_302j/LIB_ELF/LIBSGL.A(sglB048.o)
 .data          0x0602c4b0        0x0 ../../Compiler/COMMON/SGL_302j/LIB_ELF/LIBSGL.A(sglB056.o)
 .data          0x0602c4b0        0x0 ../../Compiler/COMMON/SGL_302j/LIB_ELF/LIBSGL.A(sglB059.o)
 .data          0x0602c4b0        0x0 ../../Compiler/COMMON/SGL_302j/LIB_ELF/LIBSGL.A(sglB060.o)
 .data          0x0602c4b0        0x0 ../../Compiler/COMMON/SGL_302j/LIB_ELF/LIBSGL.A(sglB063.o)
 .data          0x0602c4b0        0x0 ../../Compiler/COMMON/SGL_302j/LIB_ELF/LIBSGL.A(sglB071.o)
 .data          0x0602c4b0        0x0 ../../Compiler/COMMON/SGL_302j/LIB_ELF/LIBSGL.A(sglB087.o)
 .data          0x0602c4b0        0x0 ../../Compiler/COMMON/SGL_302j/LIB_ELF/LIBSGL.A(sglB088.o)
 .data          0x0602c4b0        0x0 ../../Compiler/COMMON/SGL_302j/LIB_ELF/LIBSGL.A(sglB090.o)
 .data          0x0602c4b0        0x0 ../../Compiler/COMMON/SGL_302j/LIB_ELF/LIBSGL.A(sglB200.o)
 .data          0x0602c4b0        0x0 ../../Compiler/COMMON/SGL_302j/LIB_ELF/LIBSGL.A(sglC05.o)
 .data          0x0602c4b0        0x0 ../../Compiler/COMMON/SGL_302j/LIB_ELF/LIBSGL.A(sglC06.o)
 .data          0x0602c4b0        0x0 ../../Compiler/COMMON/SGL_302j/LIB_ELF/LIBSGL.A(sglC07.o)
 .data          0x0602c4b0        0x0 ../../Compiler/COMMON/SGL_302j/LIB_ELF/LIBSGL.A(sglC20.o)
 .data          0x0602c4b0        0x0 ../../Compiler/COMMON/SGL_302j/LIB_ELF/LIBSGL.A(sglD00.o)
 .data          0x0602c4b0        0x0 ../../Compiler/COMMON/SGL_302j/LIB_ELF/LIBSGL.A(sglD01.o)
 .data          0x0602c4b0        0x0 ../../Compiler/COMMON/SGL_302j/LIB_ELF/LIBSGL.A(sglD03.o)
 .data          0x0602c4b0        0x0 ../../Compiler/COMMON/SGL_302j/LIB_ELF/LIBSGL.A(sglD15.o)
 .data          0x0602c4b0        0x0 ../../Compiler/COMMON/SGL_302j/LIB_ELF/LIBSGL.A(sglD16.o)
 .data          0x0602c4b0        0x0 ../../Compiler/COMMON/SGL_302j/LIB_ELF/LIBSGL.A(sglD17.o)
 .data          0x0602c4b0        0x0 ../../Compiler/COMMON/SGL_302j/LIB_ELF/LIBSGL.A(sglD18.o)
 .data          0x0602c4b0        0x0 ../../Compiler/COMMON/SGL_302j/LIB_ELF/LIBSGL.A(sglF00.o)
 .data          0x0602c4b0        0x0 ../../Compiler/COMMON/SGL_302j/LIB_ELF/LIBSGL.A(sglF05.o)
 .data          0x0602c4b0        0x0 ../../Compiler/COMMON/SGL_302j/LIB_ELF/LIBSGL.A(sglF08.o)
 .data          0x0602c4b0        0x0 ../../Compiler/COMMON/SGL_302j/LIB_ELF/LIBSGL.A(sglG00.o)
 .data          0x0602c4b0        0x0 ../../Compiler/COMMON/SGL_302j/LIB_ELF/LIBSGL.A(sglG01.o)
 .data          0x0602c4b0        0x0 ../../Compiler/COMMON/SGL_302j/LIB_ELF/LIBSGL.A(sglG19.o)
 .data          0x0602c4b0        0x0 ../../Compiler/COMMON/SGL_302j/LIB_ELF/LIBSGL.A(sglG21.o)
 .data          0x0602c4b0        0x0 ../../Compiler/COMMON/SGL_302j/LIB_ELF/LIBSGL.A(sglG22.o)
 .data          0x0602c4b0        0x0 ../../Compiler/COMMON/SGL_302j/LIB_ELF/LIBSGL.A(sglG25.o)
 .data          0x0602c4b0        0x0 ../../Compiler/COMMON/SGL_302j/LIB_ELF/LIBSGL.A(sglH00.o)
 .data          0x0602c4b0        0x0 ../../Compiler/COMMON/SGL_302j/LIB_ELF/LIBSGL.A(sglH01.o)
 .data          0x0602c4b0        0x0 ../../Compiler/COMMON/SGL_302j/LIB_ELF/LIBSGL.A(sglH02.o)
 .data          0x0602c4b0        0x0 ../../Compiler/COMMON/SGL_302j/LIB_ELF/LIBSGL.A(sglH04.o)
 .data          0x0602c4b0        0x0 ../../Compiler/COMMON/SGL_302j/LIB_ELF/LIBSGL.A(sglI01.o)
 .data          0x0602c4b0        0x0 ../../Compiler/COMMON/SGL_302j/LIB_ELF/LIBSGL.A(sglI04.o)
 .data          0x0602c4b0       0x80 ../../Compiler/COMMON/SGL_302j/LIB_ELF/LIBSGL.A(sglIc0.o)
                0x0602c4b0                IntPrioMask
 .data          0x0602c530        0x0 ../../Compiler/COMMON/SGL_302j/LIB_ELF/LIBSGL.A(sglJ00.o)
 .data          0x0602c530        0x0 ../../Compiler/COMMON/SGL_302j/LIB_ELF/LIBSGL.A(sglJ01.o)
 .data          0x0602c530        0x0 ../../Compiler/COMMON/SGL_302j/LIB_ELF/LIBSGL.A(sglJ02.o)
 .data          0x0602c530        0x0 ../../Compiler/COMMON/SGL_302j/LIB_ELF/LIBSGL.A(sglJ03.o)
 .data          0x0602c530        0x0 ../../Compiler/COMMON/SGL_302j/LIB_ELF/LIBSGL.A(sglJ04.o)
 .data          0x0602c530        0x0 ../../Compiler/COMMON/SGL_302j/LIB_ELF/LIBSGL.A(sglJ05.o)
 .data          0x0602c530        0x0 ../../Compiler/COMMON/SGL_302j/LIB_ELF/LIBSGL.A(sglK01.o)
 .data          0x0602c530        0x0 ../../Compiler/COMMON/SGL_302j/LIB_ELF/LIBSGL.A(sglM01.o)
 .data          0x0602c530        0x0 ../../Compiler/COMMON/SGL_302j/LIB_ELF/LIBSGL.A(sglA00.o)
 .data          0x0602c530        0x0 ../../Compiler/COMMON/SGL_302j/LIB_ELF/LIBSGL.A(sglA01.o)
 .data          0x0602c530        0x0 ../../Compiler/COMMON/SGL_302j/LIB_ELF/LIBSGL.A(sglA20.o)
 .data          0x0602c530        0x0 ../../Compiler/COMMON/SGL_302j/LIB_ELF/LIBSGL.A(sglB000.o)
 .data          0x0602c530        0x0 ../../Compiler/COMMON/SGL_302j/LIB_ELF/LIBSGL.A(sglC00.o)
 .data          0x0602c530        0x0 ../../Compiler/COMMON/SGL_302j/LIB_ELF/LIBSGL.A(sglD02.o)
 .data          0x0602c530        0x0 ../../Compiler/COMMON/SGL_302j/LIB_ELF/LIBSGL.A(sglI00.o)
 .data          0x0602c530        0x0 ../../Compiler/COMMON/SGL_302j/LIB_ELF/LIBSGL.A(sglH03.o)
 .data          0x0602c530        0x0 c:/users/gianc/desktop/sega saturn development/joengine-master/joengine-master/compiler/windows/bin/../lib/gcc/sh-elf/9.3.0\libgcc.a(_ashiftrt.o)
 .data          0x0602c530        0x0 c:/users/gianc/desktop/sega saturn development/joengine-master/joengine-master/compiler/windows/bin/../lib/gcc/sh-elf/9.3.0\libgcc.a(_ashiftrt_n.o)
 .data          0x0602c530        0x0 c:/users/gianc/desktop/sega saturn development/joengine-master/joengine-master/compiler/windows/bin/../lib/gcc/sh-elf/9.3.0\libgcc.a(_ashiftlt.o)
 .data          0x0602c530        0x0 c:/users/gianc/desktop/sega saturn development/joengine-master/joengine-master/compiler/windows/bin/../lib/gcc/sh-elf/9.3.0\libgcc.a(_lshiftrt.o)
 .data          0x0602c530        0x0 c:/users/gianc/desktop/sega saturn development/joengine-master/joengine-master/compiler/windows/bin/../lib/gcc/sh-elf/9.3.0\libgcc.a(_movmem.o)
 .data          0x0602c530        0x0 c:/users/gianc/desktop/sega saturn development/joengine-master/joengine-master/compiler/windows/bin/../lib/gcc/sh-elf/9.3.0\libgcc.a(_sdivsi3.o)
 .data          0x0602c530        0x0 c:/users/gianc/desktop/sega saturn development/joengine-master/joengine-master/compiler/windows/bin/../lib/gcc/sh-elf/9.3.0\libgcc.a(_udivsi3.o)
 .data          0x0602c530        0x0 c:/users/gianc/desktop/sega saturn development/joengine-master/joengine-master/compiler/windows/bin/../lib/gcc/sh-elf/9.3.0\libgcc.a(_addsub_sf.o)
 .data          0x0602c530        0x0 c:/users/gianc/desktop/sega saturn development/joengine-master/joengine-master/compiler/windows/bin/../lib/gcc/sh-elf/9.3.0\libgcc.a(_mul_sf.o)
 .data          0x0602c530        0x0 c:/users/gianc/desktop/sega saturn development/joengine-master/joengine-master/compiler/windows/bin/../lib/gcc/sh-elf/9.3.0\libgcc.a(_div_sf.o)
 .data          0x0602c530        0x0 c:/users/gianc/desktop/sega saturn development/joengine-master/joengine-master/compiler/windows/bin/../lib/gcc/sh-elf/9.3.0\libgcc.a(_gt_sf.o)
 .data          0x0602c530        0x0 c:/users/gianc/desktop/sega saturn development/joengine-master/joengine-master/compiler/windows/bin/../lib/gcc/sh-elf/9.3.0\libgcc.a(_ge_sf.o)
 .data          0x0602c530        0x0 c:/users/gianc/desktop/sega saturn development/joengine-master/joengine-master/compiler/windows/bin/../lib/gcc/sh-elf/9.3.0\libgcc.a(_lt_sf.o)
 .data          0x0602c530        0x0 c:/users/gianc/desktop/sega saturn development/joengine-master/joengine-master/compiler/windows/bin/../lib/gcc/sh-elf/9.3.0\libgcc.a(_le_sf.o)
 .data          0x0602c530        0x0 c:/users/gianc/desktop/sega saturn development/joengine-master/joengine-master/compiler/windows/bin/../lib/gcc/sh-elf/9.3.0\libgcc.a(_si_to_sf.o)
 .data          0x0602c530        0x0 c:/users/gianc/desktop/sega saturn development/joengine-master/joengine-master/compiler/windows/bin/../lib/gcc/sh-elf/9.3.0\libgcc.a(_sf_to_si.o)
 .data          0x0602c530        0x0 c:/users/gianc/desktop/sega saturn development/joengine-master/joengine-master/compiler/windows/bin/../lib/gcc/sh-elf/9.3.0\libgcc.a(_sf_to_df.o)
 .data          0x0602c530        0x0 c:/users/gianc/desktop/sega saturn development/joengine-master/joengine-master/compiler/windows/bin/../lib/gcc/sh-elf/9.3.0\libgcc.a(_thenan_sf.o)
 .data          0x0602c530        0x0 c:/users/gianc/desktop/sega saturn development/joengine-master/joengine-master/compiler/windows/bin/../lib/gcc/sh-elf/9.3.0\libgcc.a(_usi_to_sf.o)
 .data          0x0602c530        0x0 c:/users/gianc/desktop/sega saturn development/joengine-master/joengine-master/compiler/windows/bin/../lib/gcc/sh-elf/9.3.0\libgcc.a(_addsub_df.o)
 .data          0x0602c530        0x0 c:/users/gianc/desktop/sega saturn development/joengine-master/joengine-master/compiler/windows/bin/../lib/gcc/sh-elf/9.3.0\libgcc.a(_mul_df.o)
 .data          0x0602c530        0x0 c:/users/gianc/desktop/sega saturn development/joengine-master/joengine-master/compiler/windows/bin/../lib/gcc/sh-elf/9.3.0\libgcc.a(_si_to_df.o)
 .data          0x0602c530        0x0 c:/users/gianc/desktop/sega saturn development/joengine-master/joengine-master/compiler/windows/bin/../lib/gcc/sh-elf/9.3.0\libgcc.a(_df_to_si.o)
 .data          0x0602c530        0x0 c:/users/gianc/desktop/sega saturn development/joengine-master/joengine-master/compiler/windows/bin/../lib/gcc/sh-elf/9.3.0\libgcc.a(_make_df.o)
 .data          0x0602c530        0x0 c:/users/gianc/desktop/sega saturn development/joengine-master/joengine-master/compiler/windows/bin/../lib/gcc/sh-elf/9.3.0\libgcc.a(_df_to_sf.o)
 .data          0x0602c530        0x0 c:/users/gianc/desktop/sega saturn development/joengine-master/joengine-master/compiler/windows/bin/../lib/gcc/sh-elf/9.3.0\libgcc.a(_thenan_df.o)
 .data          0x0602c530        0x0 c:/users/gianc/desktop/sega saturn development/joengine-master/joengine-master/compiler/windows/bin/../lib/gcc/sh-elf/9.3.0\libgcc.a(_clzsi2.o)
 .data          0x0602c530        0x0 c:/users/gianc/desktop/sega saturn development/joengine-master/joengine-master/compiler/windows/bin/../lib/gcc/sh-elf/9.3.0\libgcc.a(_pack_sf.o)
 .data          0x0602c530        0x0 c:/users/gianc/desktop/sega saturn development/joengine-master/joengine-master/compiler/windows/bin/../lib/gcc/sh-elf/9.3.0\libgcc.a(_unpack_sf.o)
 .data          0x0602c530        0x0 c:/users/gianc/desktop/sega saturn development/joengine-master/joengine-master/compiler/windows/bin/../lib/gcc/sh-elf/9.3.0\libgcc.a(_fpcmp_parts_sf.o)
 .data          0x0602c530        0x0 c:/users/gianc/desktop/sega saturn development/joengine-master/joengine-master/compiler/windows/bin/../lib/gcc/sh-elf/9.3.0\libgcc.a(_make_sf.o)
 .data          0x0602c530        0x0 c:/users/gianc/desktop/sega saturn development/joengine-master/joengine-master/compiler/windows/bin/../lib/gcc/sh-elf/9.3.0\libgcc.a(_pack_df.o)
 .data          0x0602c530        0x0 c:/users/gianc/desktop/sega saturn development/joengine-master/joengine-master/compiler/windows/bin/../lib/gcc/sh-elf/9.3.0\libgcc.a(_unpack_df.o)